<?xml version="1.0" encoding="ISO-8859-1" ?>
<link_info>
   <banner>TI ARM Linker PC v18.1.1.LTS</banner>
   <copyright>Copyright (c) 1996-2017 Texas Instruments Incorporated</copyright>
   <link_time>0x5aed6ad9</link_time>
   <link_errors>0x1</link_errors>
   <output_file>CAN_slave.out</output_file>
   <entry_point>
      <name>_c_int00_noargs</name>
      <address>0x32a5</address>
   </entry_point>
   <input_file_list>
      <input_file id="fl-2">
         <path>.\</path>
         <kind>object</kind>
         <file>main.obj</file>
         <name>main.obj</name>
      </input_file>
      <input_file id="fl-3">
         <path>.\</path>
         <kind>object</kind>
         <file>rgb.obj</file>
         <name>rgb.obj</name>
      </input_file>
      <input_file id="fl-4">
         <path>.\</path>
         <kind>object</kind>
         <file>tm4c123gh6pm_startup_ccs.obj</file>
         <name>tm4c123gh6pm_startup_ccs.obj</name>
      </input_file>
      <input_file id="fl-5">
         <path>.\driverlib\</path>
         <kind>object</kind>
         <file>adc.obj</file>
         <name>adc.obj</name>
      </input_file>
      <input_file id="fl-6">
         <path>.\driverlib\</path>
         <kind>object</kind>
         <file>aes.obj</file>
         <name>aes.obj</name>
      </input_file>
      <input_file id="fl-7">
         <path>.\driverlib\</path>
         <kind>object</kind>
         <file>can.obj</file>
         <name>can.obj</name>
      </input_file>
      <input_file id="fl-8">
         <path>.\driverlib\</path>
         <kind>object</kind>
         <file>comp.obj</file>
         <name>comp.obj</name>
      </input_file>
      <input_file id="fl-9">
         <path>.\driverlib\</path>
         <kind>object</kind>
         <file>cpu.obj</file>
         <name>cpu.obj</name>
      </input_file>
      <input_file id="fl-a">
         <path>.\driverlib\</path>
         <kind>object</kind>
         <file>crc.obj</file>
         <name>crc.obj</name>
      </input_file>
      <input_file id="fl-b">
         <path>.\driverlib\</path>
         <kind>object</kind>
         <file>des.obj</file>
         <name>des.obj</name>
      </input_file>
      <input_file id="fl-c">
         <path>.\driverlib\</path>
         <kind>object</kind>
         <file>eeprom.obj</file>
         <name>eeprom.obj</name>
      </input_file>
      <input_file id="fl-d">
         <path>.\driverlib\</path>
         <kind>object</kind>
         <file>emac.obj</file>
         <name>emac.obj</name>
      </input_file>
      <input_file id="fl-e">
         <path>.\driverlib\</path>
         <kind>object</kind>
         <file>epi.obj</file>
         <name>epi.obj</name>
      </input_file>
      <input_file id="fl-f">
         <path>.\driverlib\</path>
         <kind>object</kind>
         <file>epi_workaround_ccs.obj</file>
         <name>epi_workaround_ccs.obj</name>
      </input_file>
      <input_file id="fl-10">
         <path>.\driverlib\</path>
         <kind>object</kind>
         <file>flash.obj</file>
         <name>flash.obj</name>
      </input_file>
      <input_file id="fl-11">
         <path>.\driverlib\</path>
         <kind>object</kind>
         <file>fpu.obj</file>
         <name>fpu.obj</name>
      </input_file>
      <input_file id="fl-12">
         <path>.\driverlib\</path>
         <kind>object</kind>
         <file>gpio.obj</file>
         <name>gpio.obj</name>
      </input_file>
      <input_file id="fl-13">
         <path>.\driverlib\</path>
         <kind>object</kind>
         <file>hibernate.obj</file>
         <name>hibernate.obj</name>
      </input_file>
      <input_file id="fl-14">
         <path>.\driverlib\</path>
         <kind>object</kind>
         <file>i2c.obj</file>
         <name>i2c.obj</name>
      </input_file>
      <input_file id="fl-15">
         <path>.\driverlib\</path>
         <kind>object</kind>
         <file>interrupt.obj</file>
         <name>interrupt.obj</name>
      </input_file>
      <input_file id="fl-16">
         <path>.\driverlib\</path>
         <kind>object</kind>
         <file>lcd.obj</file>
         <name>lcd.obj</name>
      </input_file>
      <input_file id="fl-17">
         <path>.\driverlib\</path>
         <kind>object</kind>
         <file>mpu.obj</file>
         <name>mpu.obj</name>
      </input_file>
      <input_file id="fl-18">
         <path>.\driverlib\</path>
         <kind>object</kind>
         <file>onewire.obj</file>
         <name>onewire.obj</name>
      </input_file>
      <input_file id="fl-19">
         <path>.\driverlib\</path>
         <kind>object</kind>
         <file>pwm.obj</file>
         <name>pwm.obj</name>
      </input_file>
      <input_file id="fl-1a">
         <path>.\driverlib\</path>
         <kind>object</kind>
         <file>qei.obj</file>
         <name>qei.obj</name>
      </input_file>
      <input_file id="fl-1b">
         <path>.\driverlib\</path>
         <kind>object</kind>
         <file>shamd5.obj</file>
         <name>shamd5.obj</name>
      </input_file>
      <input_file id="fl-1c">
         <path>.\driverlib\</path>
         <kind>object</kind>
         <file>ssi.obj</file>
         <name>ssi.obj</name>
      </input_file>
      <input_file id="fl-1d">
         <path>.\driverlib\</path>
         <kind>object</kind>
         <file>sw_crc.obj</file>
         <name>sw_crc.obj</name>
      </input_file>
      <input_file id="fl-1e">
         <path>.\driverlib\</path>
         <kind>object</kind>
         <file>sysctl.obj</file>
         <name>sysctl.obj</name>
      </input_file>
      <input_file id="fl-1f">
         <path>.\driverlib\</path>
         <kind>object</kind>
         <file>sysexc.obj</file>
         <name>sysexc.obj</name>
      </input_file>
      <input_file id="fl-20">
         <path>.\driverlib\</path>
         <kind>object</kind>
         <file>systick.obj</file>
         <name>systick.obj</name>
      </input_file>
      <input_file id="fl-21">
         <path>.\driverlib\</path>
         <kind>object</kind>
         <file>timer.obj</file>
         <name>timer.obj</name>
      </input_file>
      <input_file id="fl-22">
         <path>.\driverlib\</path>
         <kind>object</kind>
         <file>uart.obj</file>
         <name>uart.obj</name>
      </input_file>
      <input_file id="fl-23">
         <path>.\driverlib\</path>
         <kind>object</kind>
         <file>udma.obj</file>
         <name>udma.obj</name>
      </input_file>
      <input_file id="fl-24">
         <path>.\driverlib\</path>
         <kind>object</kind>
         <file>usb.obj</file>
         <name>usb.obj</name>
      </input_file>
      <input_file id="fl-25">
         <path>.\driverlib\</path>
         <kind>object</kind>
         <file>watchdog.obj</file>
         <name>watchdog.obj</name>
      </input_file>
      <input_file id="fl-2e">
         <kind>object</kind>
         <file>&lt;internal&gt;</file>
         <name>&lt;internal&gt;</name>
      </input_file>
      <input_file id="fl-e4">
         <path>C:\ti\ccsv8\tools\compiler\ti-cgt-arm_18.1.1.LTS\lib\</path>
         <kind>archive</kind>
         <file>rtsv7M4_T_le_v4SPD16_eabi.lib</file>
         <name>fs_toull_t2.asm.obj</name>
      </input_file>
      <input_file id="fl-e5">
         <path>C:\ti\ccsv8\tools\compiler\ti-cgt-arm_18.1.1.LTS\lib\</path>
         <kind>archive</kind>
         <file>rtsv7M4_T_le_v4SPD16_eabi.lib</file>
         <name>copy_zero_init.c.obj</name>
      </input_file>
      <input_file id="fl-e6">
         <path>C:\ti\ccsv8\tools\compiler\ti-cgt-arm_18.1.1.LTS\lib\</path>
         <kind>archive</kind>
         <file>rtsv7M4_T_le_v4SPD16_eabi.lib</file>
         <name>copy_decompress_none.c.obj</name>
      </input_file>
      <input_file id="fl-e7">
         <path>C:\ti\ccsv8\tools\compiler\ti-cgt-arm_18.1.1.LTS\lib\</path>
         <kind>archive</kind>
         <file>rtsv7M4_T_le_v4SPD16_eabi.lib</file>
         <name>copy_decompress_lzss.c.obj</name>
      </input_file>
      <input_file id="fl-e8">
         <path>C:\ti\ccsv8\tools\compiler\ti-cgt-arm_18.1.1.LTS\lib\</path>
         <kind>archive</kind>
         <file>rtsv7M4_T_le_v4SPD16_eabi.lib</file>
         <name>boot_cortex_m.c.obj</name>
      </input_file>
      <input_file id="fl-e9">
         <path>C:\ti\ccsv8\tools\compiler\ti-cgt-arm_18.1.1.LTS\lib\</path>
         <kind>archive</kind>
         <file>rtsv7M4_T_le_v4SPD16_eabi.lib</file>
         <name>exit.c.obj</name>
      </input_file>
      <input_file id="fl-ea">
         <path>C:\ti\ccsv8\tools\compiler\ti-cgt-arm_18.1.1.LTS\lib\</path>
         <kind>archive</kind>
         <file>rtsv7M4_T_le_v4SPD16_eabi.lib</file>
         <name>_lock.c.obj</name>
      </input_file>
      <input_file id="fl-eb">
         <path>C:\ti\ccsv8\tools\compiler\ti-cgt-arm_18.1.1.LTS\lib\</path>
         <kind>archive</kind>
         <file>rtsv7M4_T_le_v4SPD16_eabi.lib</file>
         <name>args_main.c.obj</name>
      </input_file>
      <input_file id="fl-ec">
         <path>C:\ti\ccsv8\tools\compiler\ti-cgt-arm_18.1.1.LTS\lib\</path>
         <kind>archive</kind>
         <file>rtsv7M4_T_le_v4SPD16_eabi.lib</file>
         <name>memcpy_t2.asm.obj</name>
      </input_file>
      <input_file id="fl-ed">
         <path>C:\ti\ccsv8\tools\compiler\ti-cgt-arm_18.1.1.LTS\lib\</path>
         <kind>archive</kind>
         <file>rtsv7M4_T_le_v4SPD16_eabi.lib</file>
         <name>memset_t2.asm.obj</name>
      </input_file>
      <input_file id="fl-ee">
         <path>C:\ti\ccsv8\tools\compiler\ti-cgt-arm_18.1.1.LTS\lib\</path>
         <kind>archive</kind>
         <file>rtsv7M4_T_le_v4SPD16_eabi.lib</file>
         <name>autoinit.c.obj</name>
      </input_file>
      <input_file id="fl-ef">
         <path>C:\ti\ccsv8\tools\compiler\ti-cgt-arm_18.1.1.LTS\lib\</path>
         <kind>archive</kind>
         <file>rtsv7M4_T_le_v4SPD16_eabi.lib</file>
         <name>pre_init.c.obj</name>
      </input_file>
      <input_file id="fl-f0">
         <path>C:\ti\ccsv8\tools\compiler\ti-cgt-arm_18.1.1.LTS\lib\</path>
         <kind>archive</kind>
         <file>rtsv7M4_T_le_v4SPD16_eabi.lib</file>
         <name>cpy_tbl.c.obj</name>
      </input_file>
   </input_file_list>
   <object_component_list>
      <object_component id="oc-f">
         <name>.intvecs</name>
         <load_address>0x0</load_address>
         <run_address>0x0</run_address>
         <size>0x26c</size>
         <input_file_ref idref="fl-4"/>
      </object_component>
      <object_component id="oc-cb">
         <name>.text</name>
         <load_address>0x26c</load_address>
         <run_address>0x26c</run_address>
         <size>0xf80</size>
         <input_file_ref idref="fl-1e"/>
      </object_component>
      <object_component id="oc-d1">
         <name>.text</name>
         <load_address>0x11ec</load_address>
         <run_address>0x11ec</run_address>
         <size>0xb94</size>
         <input_file_ref idref="fl-12"/>
      </object_component>
      <object_component id="oc-c5">
         <name>.text</name>
         <load_address>0x1d80</load_address>
         <run_address>0x1d80</run_address>
         <size>0xa28</size>
         <input_file_ref idref="fl-7"/>
      </object_component>
      <object_component id="oc-d7">
         <name>.text</name>
         <load_address>0x27a8</load_address>
         <run_address>0x27a8</run_address>
         <size>0x3c0</size>
         <input_file_ref idref="fl-15"/>
      </object_component>
      <object_component id="oc-dd">
         <name>.text</name>
         <load_address>0x2b68</load_address>
         <run_address>0x2b68</run_address>
         <size>0x340</size>
         <input_file_ref idref="fl-3"/>
      </object_component>
      <object_component id="oc-98">
         <name>.text</name>
         <load_address>0x2ea8</load_address>
         <run_address>0x2ea8</run_address>
         <size>0x224</size>
         <input_file_ref idref="fl-2"/>
      </object_component>
      <object_component id="oc-38">
         <name>.text</name>
         <load_address>0x30cc</load_address>
         <run_address>0x30cc</run_address>
         <size>0x9c</size>
         <input_file_ref idref="fl-ec"/>
      </object_component>
      <object_component id="oc-12">
         <name>.text:decompress:lzss:__TI_decompress_lzss</name>
         <load_address>0x3168</load_address>
         <run_address>0x3168</run_address>
         <size>0x68</size>
         <input_file_ref idref="fl-e7"/>
      </object_component>
      <object_component id="oc-16d">
         <name>.text</name>
         <load_address>0x31d0</load_address>
         <run_address>0x31d0</run_address>
         <size>0x50</size>
         <input_file_ref idref="fl-e4"/>
      </object_component>
      <object_component id="oc-f8">
         <name>.text:__TI_auto_init_nobinit_nopinit:__TI_auto_init_nobinit_nopinit</name>
         <load_address>0x3220</load_address>
         <run_address>0x3220</run_address>
         <size>0x44</size>
         <input_file_ref idref="fl-ee"/>
      </object_component>
      <object_component id="oc-139">
         <name>.text</name>
         <load_address>0x3264</load_address>
         <run_address>0x3264</run_address>
         <size>0x3e</size>
         <input_file_ref idref="fl-9"/>
      </object_component>
      <object_component id="oc-56">
         <name>.text:_c_int00_noargs:_c_int00_noargs</name>
         <load_address>0x32a4</load_address>
         <run_address>0x32a4</run_address>
         <size>0x38</size>
         <input_file_ref idref="fl-e8"/>
      </object_component>
      <object_component id="oc-44">
         <name>.text:decompress:ZI:__TI_zero_init_nomemset:__TI_zero_init_nomemset</name>
         <load_address>0x32dc</load_address>
         <run_address>0x32dc</run_address>
         <size>0x12</size>
         <input_file_ref idref="fl-e5"/>
      </object_component>
      <object_component id="oc-18">
         <name>.text:decompress:none:__TI_decompress_none</name>
         <load_address>0x32ee</load_address>
         <run_address>0x32ee</run_address>
         <size>0xe</size>
         <input_file_ref idref="fl-e6"/>
      </object_component>
      <object_component id="oc-24">
         <name>.text</name>
         <load_address>0x32fc</load_address>
         <run_address>0x32fc</run_address>
         <size>0xc</size>
         <input_file_ref idref="fl-4"/>
      </object_component>
      <object_component id="oc-148">
         <name>.text:SysCtlDelay</name>
         <load_address>0x3308</load_address>
         <run_address>0x3308</run_address>
         <size>0x6</size>
         <input_file_ref idref="fl-1e"/>
      </object_component>
      <object_component id="oc-92">
         <name>.text:_system_pre_init</name>
         <load_address>0x330e</load_address>
         <run_address>0x330e</run_address>
         <size>0x4</size>
         <input_file_ref idref="fl-ef"/>
      </object_component>
      <object_component id="oc-ec">
         <name>.text:abort:abort</name>
         <load_address>0x3312</load_address>
         <run_address>0x3312</run_address>
         <size>0x4</size>
         <input_file_ref idref="fl-e9"/>
      </object_component>
      <object_component id="oc-145">
         <name>.const:g_pppui32XTALtoVCO</name>
         <load_address>0x3318</load_address>
         <run_address>0x3318</run_address>
         <size>0x1b0</size>
         <input_file_ref idref="fl-1e"/>
      </object_component>
      <object_component id="oc-14e">
         <name>.const:g_ppui32GPIOIntMapSnowflake</name>
         <load_address>0x34c8</load_address>
         <run_address>0x34c8</run_address>
         <size>0xd8</size>
         <input_file_ref idref="fl-12"/>
      </object_component>
      <object_component id="oc-14b">
         <name>.const:g_ppui32GPIOIntMapBlizzard</name>
         <load_address>0x35a0</load_address>
         <run_address>0x35a0</run_address>
         <size>0xc0</size>
         <input_file_ref idref="fl-12"/>
      </object_component>
      <object_component id="oc-15c">
         <name>.const:g_pui32Regs</name>
         <load_address>0x3660</load_address>
         <run_address>0x3660</run_address>
         <size>0x9c</size>
         <input_file_ref idref="fl-15"/>
      </object_component>
      <object_component id="oc-151">
         <name>.const:g_pui32GPIOBaseAddrs</name>
         <load_address>0x36fc</load_address>
         <run_address>0x36fc</run_address>
         <size>0x90</size>
         <input_file_ref idref="fl-12"/>
      </object_component>
      <object_component id="oc-13f">
         <name>.const:g_pui32Xtals</name>
         <load_address>0x378c</load_address>
         <run_address>0x378c</run_address>
         <size>0x6c</size>
         <input_file_ref idref="fl-1e"/>
      </object_component>
      <object_component id="oc-136">
         <name>.const:g_sXTALtoMEMTIM</name>
         <load_address>0x37f8</load_address>
         <run_address>0x37f8</run_address>
         <size>0x30</size>
         <input_file_ref idref="fl-1e"/>
      </object_component>
      <object_component id="oc-159">
         <name>.const:g_pui32Priority</name>
         <load_address>0x3828</load_address>
         <run_address>0x3828</run_address>
         <size>0x20</size>
         <input_file_ref idref="fl-15"/>
      </object_component>
      <object_component id="oc-12c">
         <name>.const:g_ui16CANBitValues</name>
         <load_address>0x3848</load_address>
         <run_address>0x3848</run_address>
         <size>0x20</size>
         <input_file_ref idref="fl-7"/>
      </object_component>
      <object_component id="oc-162">
         <name>.const:g_pui32Dii16Regs</name>
         <load_address>0x3868</load_address>
         <run_address>0x3868</run_address>
         <size>0x14</size>
         <input_file_ref idref="fl-15"/>
      </object_component>
      <object_component id="oc-15f">
         <name>.const:g_pui32EnRegs</name>
         <load_address>0x387c</load_address>
         <run_address>0x387c</run_address>
         <size>0x14</size>
         <input_file_ref idref="fl-15"/>
      </object_component>
      <object_component id="oc-165">
         <name>.const:g_pui32PendRegs</name>
         <load_address>0x3890</load_address>
         <run_address>0x3890</run_address>
         <size>0x14</size>
         <input_file_ref idref="fl-15"/>
      </object_component>
      <object_component id="oc-168">
         <name>.const:g_pui32UnpendRegs</name>
         <load_address>0x38a4</load_address>
         <run_address>0x38a4</run_address>
         <size>0x14</size>
         <input_file_ref idref="fl-15"/>
      </object_component>
      <object_component id="oc-142">
         <name>.const:g_pui32VCOFrequencies</name>
         <load_address>0x38b8</load_address>
         <run_address>0x38b8</run_address>
         <size>0x8</size>
         <input_file_ref idref="fl-1e"/>
      </object_component>
      <object_component id="oc-226">
         <name>__TI_handler_table</name>
         <load_address>0x38c0</load_address>
         <run_address>0x38c0</run_address>
         <size>0xc</size>
      </object_component>
      <object_component id="oc-229">
         <name>.cinit..data.load</name>
         <load_address>0x38cc</load_address>
         <run_address>0x38cc</run_address>
         <size>0xa</size>
      </object_component>
      <object_component id="oc-22a">
         <name>.cinit..bss.load</name>
         <load_address>0x38d8</load_address>
         <run_address>0x38d8</run_address>
         <size>0x8</size>
      </object_component>
      <object_component id="oc-228">
         <name>.cinit..vtable.load</name>
         <load_address>0x38e0</load_address>
         <run_address>0x38e0</run_address>
         <size>0x8</size>
      </object_component>
      <object_component id="oc-227">
         <name>__TI_cinit_table</name>
         <load_address>0x38e8</load_address>
         <run_address>0x38e8</run_address>
         <size>0x18</size>
      </object_component>
      <object_component id="oc-156">
         <name>.vtable</name>
         <uninitialized>true</uninitialized>
         <run_address>0x20000000</run_address>
         <size>0x26c</size>
         <input_file_ref idref="fl-15"/>
      </object_component>
      <object_component id="oc-e3">
         <name>.data</name>
         <load_address>0x20000484</load_address>
         <run_address>0x20000484</run_address>
         <size>0x2</size>
         <input_file_ref idref="fl-2"/>
      </object_component>
      <object_component id="oc-176">
         <name>.data</name>
         <load_address>0x20000480</load_address>
         <run_address>0x20000480</run_address>
         <size>0x4</size>
         <input_file_ref idref="fl-3"/>
      </object_component>
      <object_component id="oc-173">
         <name>.bss:g_ui32Colors</name>
         <uninitialized>true</uninitialized>
         <run_address>0x20000470</run_address>
         <size>0xc</size>
         <input_file_ref idref="fl-3"/>
      </object_component>
      <object_component id="oc-172">
         <name>.bss</name>
         <uninitialized>true</uninitialized>
         <run_address>0x2000047c</run_address>
         <size>0x4</size>
         <input_file_ref idref="fl-3"/>
      </object_component>
      <object_component id="oc-21">
         <name>.stack</name>
         <uninitialized>true</uninitialized>
         <run_address>0x20000270</run_address>
         <size>0x4</size>
         <input_file_ref idref="fl-e8"/>
      </object_component>
      <object_component id="oc-22b">
         <name>.stack</name>
         <uninitialized>true</uninitialized>
         <run_address>0x20000270</run_address>
         <size>0x0</size>
      </object_component>
      <object_component id="oc-b4">
         <name>.debug_info</name>
         <load_address>0x0</load_address>
         <run_address>0x0</run_address>
         <size>0x6a3</size>
         <input_file_ref idref="fl-2"/>
      </object_component>
      <object_component id="oc-e4">
         <name>.debug_info</name>
         <load_address>0x6a3</load_address>
         <run_address>0x6a3</run_address>
         <size>0xfc</size>
         <input_file_ref idref="fl-2"/>
      </object_component>
      <object_component id="oc-99">
         <name>.debug_info</name>
         <load_address>0x79f</load_address>
         <run_address>0x79f</run_address>
         <size>0x426</size>
         <input_file_ref idref="fl-2"/>
      </object_component>
      <object_component id="oc-e7">
         <name>.debug_info</name>
         <load_address>0xbc5</load_address>
         <run_address>0xbc5</run_address>
         <size>0x1b3</size>
         <input_file_ref idref="fl-2"/>
      </object_component>
      <object_component id="oc-6d">
         <name>.debug_info</name>
         <load_address>0xd78</load_address>
         <run_address>0xd78</run_address>
         <size>0x26b</size>
         <input_file_ref idref="fl-2"/>
      </object_component>
      <object_component id="oc-af">
         <name>.debug_info</name>
         <load_address>0xfe3</load_address>
         <run_address>0xfe3</run_address>
         <size>0x8b</size>
         <input_file_ref idref="fl-2"/>
      </object_component>
      <object_component id="oc-aa">
         <name>.debug_info</name>
         <load_address>0x106e</load_address>
         <run_address>0x106e</run_address>
         <size>0x297</size>
         <input_file_ref idref="fl-2"/>
      </object_component>
      <object_component id="oc-130">
         <name>.debug_info</name>
         <load_address>0x1305</load_address>
         <run_address>0x1305</run_address>
         <size>0xef</size>
         <input_file_ref idref="fl-2"/>
      </object_component>
      <object_component id="oc-72">
         <name>.debug_info</name>
         <load_address>0x13f4</load_address>
         <run_address>0x13f4</run_address>
         <size>0xbb</size>
         <input_file_ref idref="fl-2"/>
      </object_component>
      <object_component id="oc-17a">
         <name>.debug_info</name>
         <load_address>0x14af</load_address>
         <run_address>0x14af</run_address>
         <size>0x56e</size>
         <input_file_ref idref="fl-3"/>
      </object_component>
      <object_component id="oc-174">
         <name>.debug_info</name>
         <load_address>0x1a1d</load_address>
         <run_address>0x1a1d</run_address>
         <size>0xe7</size>
         <input_file_ref idref="fl-3"/>
      </object_component>
      <object_component id="oc-177">
         <name>.debug_info</name>
         <load_address>0x1b04</load_address>
         <run_address>0x1b04</run_address>
         <size>0xe7</size>
         <input_file_ref idref="fl-3"/>
      </object_component>
      <object_component id="oc-e0">
         <name>.debug_info</name>
         <load_address>0x1beb</load_address>
         <run_address>0x1beb</run_address>
         <size>0x9ef</size>
         <input_file_ref idref="fl-3"/>
      </object_component>
      <object_component id="oc-33">
         <name>.debug_info</name>
         <load_address>0x25da</load_address>
         <run_address>0x25da</run_address>
         <size>0x84</size>
         <input_file_ref idref="fl-3"/>
      </object_component>
      <object_component id="oc-2c">
         <name>.debug_info</name>
         <load_address>0x265e</load_address>
         <run_address>0x265e</run_address>
         <size>0x2be</size>
         <input_file_ref idref="fl-4"/>
      </object_component>
      <object_component id="oc-10">
         <name>.debug_info</name>
         <load_address>0x291c</load_address>
         <run_address>0x291c</run_address>
         <size>0xfd</size>
         <input_file_ref idref="fl-4"/>
      </object_component>
      <object_component id="oc-25">
         <name>.debug_info</name>
         <load_address>0x2a19</load_address>
         <run_address>0x2a19</run_address>
         <size>0x279</size>
         <input_file_ref idref="fl-4"/>
      </object_component>
      <object_component id="oc-135">
         <name>.debug_info</name>
         <load_address>0x2c92</load_address>
         <run_address>0x2c92</run_address>
         <size>0x36a</size>
         <input_file_ref idref="fl-7"/>
      </object_component>
      <object_component id="oc-12d">
         <name>.debug_info</name>
         <load_address>0x2ffc</load_address>
         <run_address>0x2ffc</run_address>
         <size>0x11c</size>
         <input_file_ref idref="fl-7"/>
      </object_component>
      <object_component id="oc-c6">
         <name>.debug_info</name>
         <load_address>0x3118</load_address>
         <run_address>0x3118</run_address>
         <size>0x1dc9</size>
         <input_file_ref idref="fl-7"/>
      </object_component>
      <object_component id="oc-13b">
         <name>.debug_info</name>
         <load_address>0x4ee1</load_address>
         <run_address>0x4ee1</run_address>
         <size>0x4dd</size>
         <input_file_ref idref="fl-9"/>
      </object_component>
      <object_component id="oc-155">
         <name>.debug_info</name>
         <load_address>0x53be</load_address>
         <run_address>0x53be</run_address>
         <size>0x38d</size>
         <input_file_ref idref="fl-12"/>
      </object_component>
      <object_component id="oc-14c">
         <name>.debug_info</name>
         <load_address>0x574b</load_address>
         <run_address>0x574b</run_address>
         <size>0x12d</size>
         <input_file_ref idref="fl-12"/>
      </object_component>
      <object_component id="oc-14f">
         <name>.debug_info</name>
         <load_address>0x5878</load_address>
         <run_address>0x5878</run_address>
         <size>0x12f</size>
         <input_file_ref idref="fl-12"/>
      </object_component>
      <object_component id="oc-152">
         <name>.debug_info</name>
         <load_address>0x59a7</load_address>
         <run_address>0x59a7</run_address>
         <size>0x121</size>
         <input_file_ref idref="fl-12"/>
      </object_component>
      <object_component id="oc-d2">
         <name>.debug_info</name>
         <load_address>0x5ac8</load_address>
         <run_address>0x5ac8</run_address>
         <size>0x3d2e</size>
         <input_file_ref idref="fl-12"/>
      </object_component>
      <object_component id="oc-16c">
         <name>.debug_info</name>
         <load_address>0x97f6</load_address>
         <run_address>0x97f6</run_address>
         <size>0x36a</size>
         <input_file_ref idref="fl-15"/>
      </object_component>
      <object_component id="oc-15a">
         <name>.debug_info</name>
         <load_address>0x9b60</load_address>
         <run_address>0x9b60</run_address>
         <size>0x11c</size>
         <input_file_ref idref="fl-15"/>
      </object_component>
      <object_component id="oc-15d">
         <name>.debug_info</name>
         <load_address>0x9c7c</load_address>
         <run_address>0x9c7c</run_address>
         <size>0x114</size>
         <input_file_ref idref="fl-15"/>
      </object_component>
      <object_component id="oc-160">
         <name>.debug_info</name>
         <load_address>0x9d90</load_address>
         <run_address>0x9d90</run_address>
         <size>0x118</size>
         <input_file_ref idref="fl-15"/>
      </object_component>
      <object_component id="oc-163">
         <name>.debug_info</name>
         <load_address>0x9ea8</load_address>
         <run_address>0x9ea8</run_address>
         <size>0x11e</size>
         <input_file_ref idref="fl-15"/>
      </object_component>
      <object_component id="oc-166">
         <name>.debug_info</name>
         <load_address>0x9fc6</load_address>
         <run_address>0x9fc6</run_address>
         <size>0x11c</size>
         <input_file_ref idref="fl-15"/>
      </object_component>
      <object_component id="oc-169">
         <name>.debug_info</name>
         <load_address>0xa0e2</load_address>
         <run_address>0xa0e2</run_address>
         <size>0x120</size>
         <input_file_ref idref="fl-15"/>
      </object_component>
      <object_component id="oc-157">
         <name>.debug_info</name>
         <load_address>0xa202</load_address>
         <run_address>0xa202</run_address>
         <size>0x11d</size>
         <input_file_ref idref="fl-15"/>
      </object_component>
      <object_component id="oc-db">
         <name>.debug_info</name>
         <load_address>0xa31f</load_address>
         <run_address>0xa31f</run_address>
         <size>0x113b</size>
         <input_file_ref idref="fl-15"/>
      </object_component>
      <object_component id="oc-14a">
         <name>.debug_info</name>
         <load_address>0xb45a</load_address>
         <run_address>0xb45a</run_address>
         <size>0x3ef</size>
         <input_file_ref idref="fl-1e"/>
      </object_component>
      <object_component id="oc-140">
         <name>.debug_info</name>
         <load_address>0xb849</load_address>
         <run_address>0xb849</run_address>
         <size>0x113</size>
         <input_file_ref idref="fl-1e"/>
      </object_component>
      <object_component id="oc-146">
         <name>.debug_info</name>
         <load_address>0xb95c</load_address>
         <run_address>0xb95c</run_address>
         <size>0x11f</size>
         <input_file_ref idref="fl-1e"/>
      </object_component>
      <object_component id="oc-137">
         <name>.debug_info</name>
         <load_address>0xba7b</load_address>
         <run_address>0xba7b</run_address>
         <size>0x119</size>
         <input_file_ref idref="fl-1e"/>
      </object_component>
      <object_component id="oc-143">
         <name>.debug_info</name>
         <load_address>0xbb94</load_address>
         <run_address>0xbb94</run_address>
         <size>0x126</size>
         <input_file_ref idref="fl-1e"/>
      </object_component>
      <object_component id="oc-ce">
         <name>.debug_info</name>
         <load_address>0xbcba</load_address>
         <run_address>0xbcba</run_address>
         <size>0x3931</size>
         <input_file_ref idref="fl-1e"/>
      </object_component>
      <object_component id="oc-1ac">
         <name>.debug_info</name>
         <load_address>0xf5eb</load_address>
         <run_address>0xf5eb</run_address>
         <size>0x51</size>
         <input_file_ref idref="fl-1e"/>
      </object_component>
      <object_component id="oc-16e">
         <name>.debug_info</name>
         <load_address>0xf63c</load_address>
         <run_address>0xf63c</run_address>
         <size>0x133</size>
         <input_file_ref idref="fl-e4"/>
      </object_component>
      <object_component id="oc-8b">
         <name>.debug_info</name>
         <load_address>0xf76f</load_address>
         <run_address>0xf76f</run_address>
         <size>0x313</size>
         <input_file_ref idref="fl-e5"/>
      </object_component>
      <object_component id="oc-45">
         <name>.debug_info</name>
         <load_address>0xfa82</load_address>
         <run_address>0xfa82</run_address>
         <size>0x1b4</size>
         <input_file_ref idref="fl-e5"/>
      </object_component>
      <object_component id="oc-86">
         <name>.debug_info</name>
         <load_address>0xfc36</load_address>
         <run_address>0xfc36</run_address>
         <size>0x46</size>
         <input_file_ref idref="fl-e5"/>
      </object_component>
      <object_component id="oc-bc">
         <name>.debug_info</name>
         <load_address>0xfc7c</load_address>
         <run_address>0xfc7c</run_address>
         <size>0x2c</size>
         <input_file_ref idref="fl-e5"/>
      </object_component>
      <object_component id="oc-43">
         <name>.debug_info</name>
         <load_address>0xfca8</load_address>
         <run_address>0xfca8</run_address>
         <size>0x29d</size>
         <input_file_ref idref="fl-e6"/>
      </object_component>
      <object_component id="oc-1b">
         <name>.debug_info</name>
         <load_address>0xff45</load_address>
         <run_address>0xff45</run_address>
         <size>0x1df</size>
         <input_file_ref idref="fl-e6"/>
      </object_component>
      <object_component id="oc-3e">
         <name>.debug_info</name>
         <load_address>0x10124</load_address>
         <run_address>0x10124</run_address>
         <size>0x46</size>
         <input_file_ref idref="fl-e6"/>
      </object_component>
      <object_component id="oc-7e">
         <name>.debug_info</name>
         <load_address>0x1016a</load_address>
         <run_address>0x1016a</run_address>
         <size>0x2c</size>
         <input_file_ref idref="fl-e6"/>
      </object_component>
      <object_component id="oc-7c">
         <name>.debug_info</name>
         <load_address>0x10196</load_address>
         <run_address>0x10196</run_address>
         <size>0x293</size>
         <input_file_ref idref="fl-e7"/>
      </object_component>
      <object_component id="oc-13">
         <name>.debug_info</name>
         <load_address>0x10429</load_address>
         <run_address>0x10429</run_address>
         <size>0x245</size>
         <input_file_ref idref="fl-e7"/>
      </object_component>
      <object_component id="oc-2e">
         <name>.debug_info</name>
         <load_address>0x1066e</load_address>
         <run_address>0x1066e</run_address>
         <size>0x60</size>
         <input_file_ref idref="fl-e7"/>
      </object_component>
      <object_component id="oc-b5">
         <name>.debug_info</name>
         <load_address>0x106ce</load_address>
         <run_address>0x106ce</run_address>
         <size>0x46</size>
         <input_file_ref idref="fl-e7"/>
      </object_component>
      <object_component id="oc-77">
         <name>.debug_info</name>
         <load_address>0x10714</load_address>
         <run_address>0x10714</run_address>
         <size>0x39</size>
         <input_file_ref idref="fl-e7"/>
      </object_component>
      <object_component id="oc-22">
         <name>.debug_info</name>
         <load_address>0x1074d</load_address>
         <run_address>0x1074d</run_address>
         <size>0x100</size>
         <input_file_ref idref="fl-e8"/>
      </object_component>
      <object_component id="oc-57">
         <name>.debug_info</name>
         <load_address>0x1084d</load_address>
         <run_address>0x1084d</run_address>
         <size>0x1a4</size>
         <input_file_ref idref="fl-e8"/>
      </object_component>
      <object_component id="oc-ef">
         <name>.debug_info</name>
         <load_address>0x109f1</load_address>
         <run_address>0x109f1</run_address>
         <size>0x117</size>
         <input_file_ref idref="fl-e9"/>
      </object_component>
      <object_component id="oc-3b">
         <name>.debug_info</name>
         <load_address>0x10b08</load_address>
         <run_address>0x10b08</run_address>
         <size>0x111</size>
         <input_file_ref idref="fl-ec"/>
      </object_component>
      <object_component id="oc-188">
         <name>.debug_info</name>
         <load_address>0x10c19</load_address>
         <run_address>0x10c19</run_address>
         <size>0x547</size>
         <input_file_ref idref="fl-ee"/>
      </object_component>
      <object_component id="oc-f9">
         <name>.debug_info</name>
         <load_address>0x11160</load_address>
         <run_address>0x11160</run_address>
         <size>0x19b</size>
         <input_file_ref idref="fl-ee"/>
      </object_component>
      <object_component id="oc-1df">
         <name>.debug_info</name>
         <load_address>0x112fb</load_address>
         <run_address>0x112fb</run_address>
         <size>0x39</size>
         <input_file_ref idref="fl-ee"/>
      </object_component>
      <object_component id="oc-1f3">
         <name>.debug_info</name>
         <load_address>0x11334</load_address>
         <run_address>0x11334</run_address>
         <size>0x39</size>
         <input_file_ref idref="fl-ee"/>
      </object_component>
      <object_component id="oc-1e4">
         <name>.debug_info</name>
         <load_address>0x1136d</load_address>
         <run_address>0x1136d</run_address>
         <size>0x39</size>
         <input_file_ref idref="fl-ee"/>
      </object_component>
      <object_component id="oc-1e9">
         <name>.debug_info</name>
         <load_address>0x113a6</load_address>
         <run_address>0x113a6</run_address>
         <size>0xcd</size>
         <input_file_ref idref="fl-ee"/>
      </object_component>
      <object_component id="oc-93">
         <name>.debug_info</name>
         <load_address>0x11473</load_address>
         <run_address>0x11473</run_address>
         <size>0x148</size>
         <input_file_ref idref="fl-ef"/>
      </object_component>
      <object_component id="oc-22c">
         <name>.debug_info</name>
         <load_address>0x115bb</load_address>
         <run_address>0x115bb</run_address>
         <size>0xb3</size>
      </object_component>
      <object_component id="oc-12b">
         <name>.debug_line</name>
         <load_address>0x0</load_address>
         <run_address>0x0</run_address>
         <size>0x141</size>
         <input_file_ref idref="fl-2"/>
      </object_component>
      <object_component id="oc-17c">
         <name>.debug_line</name>
         <load_address>0x141</load_address>
         <run_address>0x141</run_address>
         <size>0x2d</size>
         <input_file_ref idref="fl-2"/>
      </object_component>
      <object_component id="oc-9c">
         <name>.debug_line</name>
         <load_address>0x16e</load_address>
         <run_address>0x16e</run_address>
         <size>0xaa</size>
         <input_file_ref idref="fl-2"/>
      </object_component>
      <object_component id="oc-ea">
         <name>.debug_line</name>
         <load_address>0x218</load_address>
         <run_address>0x218</run_address>
         <size>0x55</size>
         <input_file_ref idref="fl-2"/>
      </object_component>
      <object_component id="oc-70">
         <name>.debug_line</name>
         <load_address>0x26d</load_address>
         <run_address>0x26d</run_address>
         <size>0x69</size>
         <input_file_ref idref="fl-2"/>
      </object_component>
      <object_component id="oc-b2">
         <name>.debug_line</name>
         <load_address>0x2d6</load_address>
         <run_address>0x2d6</run_address>
         <size>0x20</size>
         <input_file_ref idref="fl-2"/>
      </object_component>
      <object_component id="oc-ad">
         <name>.debug_line</name>
         <load_address>0x2f6</load_address>
         <run_address>0x2f6</run_address>
         <size>0x6d</size>
         <input_file_ref idref="fl-2"/>
      </object_component>
      <object_component id="oc-133">
         <name>.debug_line</name>
         <load_address>0x363</load_address>
         <run_address>0x363</run_address>
         <size>0x69</size>
         <input_file_ref idref="fl-2"/>
      </object_component>
      <object_component id="oc-75">
         <name>.debug_line</name>
         <load_address>0x3cc</load_address>
         <run_address>0x3cc</run_address>
         <size>0x6a</size>
         <input_file_ref idref="fl-2"/>
      </object_component>
      <object_component id="oc-1ce">
         <name>.debug_line</name>
         <load_address>0x436</load_address>
         <run_address>0x436</run_address>
         <size>0x9a</size>
         <input_file_ref idref="fl-3"/>
      </object_component>
      <object_component id="oc-1ca">
         <name>.debug_line</name>
         <load_address>0x4d0</load_address>
         <run_address>0x4d0</run_address>
         <size>0x2c</size>
         <input_file_ref idref="fl-3"/>
      </object_component>
      <object_component id="oc-1cc">
         <name>.debug_line</name>
         <load_address>0x4fc</load_address>
         <run_address>0x4fc</run_address>
         <size>0x2c</size>
         <input_file_ref idref="fl-3"/>
      </object_component>
      <object_component id="oc-de">
         <name>.debug_line</name>
         <load_address>0x528</load_address>
         <run_address>0x528</run_address>
         <size>0x18b</size>
         <input_file_ref idref="fl-3"/>
      </object_component>
      <object_component id="oc-36">
         <name>.debug_line</name>
         <load_address>0x6b3</load_address>
         <run_address>0x6b3</run_address>
         <size>0x20</size>
         <input_file_ref idref="fl-3"/>
      </object_component>
      <object_component id="oc-6c">
         <name>.debug_line</name>
         <load_address>0x6d3</load_address>
         <run_address>0x6d3</run_address>
         <size>0x41</size>
         <input_file_ref idref="fl-4"/>
      </object_component>
      <object_component id="oc-2b">
         <name>.debug_line</name>
         <load_address>0x714</load_address>
         <run_address>0x714</run_address>
         <size>0x41</size>
         <input_file_ref idref="fl-4"/>
      </object_component>
      <object_component id="oc-29">
         <name>.debug_line</name>
         <load_address>0x755</load_address>
         <run_address>0x755</run_address>
         <size>0xa1</size>
         <input_file_ref idref="fl-4"/>
      </object_component>
      <object_component id="oc-1a0">
         <name>.debug_line</name>
         <load_address>0x7f6</load_address>
         <run_address>0x7f6</run_address>
         <size>0x5b</size>
         <input_file_ref idref="fl-7"/>
      </object_component>
      <object_component id="oc-19e">
         <name>.debug_line</name>
         <load_address>0x851</load_address>
         <run_address>0x851</run_address>
         <size>0x55</size>
         <input_file_ref idref="fl-7"/>
      </object_component>
      <object_component id="oc-c9">
         <name>.debug_line</name>
         <load_address>0x8a6</load_address>
         <run_address>0x8a6</run_address>
         <size>0x681</size>
         <input_file_ref idref="fl-7"/>
      </object_component>
      <object_component id="oc-13a">
         <name>.debug_line</name>
         <load_address>0xf27</load_address>
         <run_address>0xf27</run_address>
         <size>0xf8</size>
         <input_file_ref idref="fl-9"/>
      </object_component>
      <object_component id="oc-1b7">
         <name>.debug_line</name>
         <load_address>0x101f</load_address>
         <run_address>0x101f</run_address>
         <size>0x5b</size>
         <input_file_ref idref="fl-12"/>
      </object_component>
      <object_component id="oc-1b1">
         <name>.debug_line</name>
         <load_address>0x107a</load_address>
         <run_address>0x107a</run_address>
         <size>0x56</size>
         <input_file_ref idref="fl-12"/>
      </object_component>
      <object_component id="oc-1b3">
         <name>.debug_line</name>
         <load_address>0x10d0</load_address>
         <run_address>0x10d0</run_address>
         <size>0x56</size>
         <input_file_ref idref="fl-12"/>
      </object_component>
      <object_component id="oc-1b5">
         <name>.debug_line</name>
         <load_address>0x1126</load_address>
         <run_address>0x1126</run_address>
         <size>0x56</size>
         <input_file_ref idref="fl-12"/>
      </object_component>
      <object_component id="oc-d5">
         <name>.debug_line</name>
         <load_address>0x117c</load_address>
         <run_address>0x117c</run_address>
         <size>0x651</size>
         <input_file_ref idref="fl-12"/>
      </object_component>
      <object_component id="oc-1c7">
         <name>.debug_line</name>
         <load_address>0x17cd</load_address>
         <run_address>0x17cd</run_address>
         <size>0x55</size>
         <input_file_ref idref="fl-15"/>
      </object_component>
      <object_component id="oc-1bb">
         <name>.debug_line</name>
         <load_address>0x1822</load_address>
         <run_address>0x1822</run_address>
         <size>0x5b</size>
         <input_file_ref idref="fl-15"/>
      </object_component>
      <object_component id="oc-1bd">
         <name>.debug_line</name>
         <load_address>0x187d</load_address>
         <run_address>0x187d</run_address>
         <size>0x5b</size>
         <input_file_ref idref="fl-15"/>
      </object_component>
      <object_component id="oc-1bf">
         <name>.debug_line</name>
         <load_address>0x18d8</load_address>
         <run_address>0x18d8</run_address>
         <size>0x5b</size>
         <input_file_ref idref="fl-15"/>
      </object_component>
      <object_component id="oc-1c1">
         <name>.debug_line</name>
         <load_address>0x1933</load_address>
         <run_address>0x1933</run_address>
         <size>0x5b</size>
         <input_file_ref idref="fl-15"/>
      </object_component>
      <object_component id="oc-1c3">
         <name>.debug_line</name>
         <load_address>0x198e</load_address>
         <run_address>0x198e</run_address>
         <size>0x5b</size>
         <input_file_ref idref="fl-15"/>
      </object_component>
      <object_component id="oc-1c5">
         <name>.debug_line</name>
         <load_address>0x19e9</load_address>
         <run_address>0x19e9</run_address>
         <size>0x5b</size>
         <input_file_ref idref="fl-15"/>
      </object_component>
      <object_component id="oc-1b9">
         <name>.debug_line</name>
         <load_address>0x1a44</load_address>
         <run_address>0x1a44</run_address>
         <size>0x5b</size>
         <input_file_ref idref="fl-15"/>
      </object_component>
      <object_component id="oc-d9">
         <name>.debug_line</name>
         <load_address>0x1a9f</load_address>
         <run_address>0x1a9f</run_address>
         <size>0x30c</size>
         <input_file_ref idref="fl-15"/>
      </object_component>
      <object_component id="oc-1ab">
         <name>.debug_line</name>
         <load_address>0x1dab</load_address>
         <run_address>0x1dab</run_address>
         <size>0xc8</size>
         <input_file_ref idref="fl-1e"/>
      </object_component>
      <object_component id="oc-1a5">
         <name>.debug_line</name>
         <load_address>0x1e73</load_address>
         <run_address>0x1e73</run_address>
         <size>0x58</size>
         <input_file_ref idref="fl-1e"/>
      </object_component>
      <object_component id="oc-1a9">
         <name>.debug_line</name>
         <load_address>0x1ecb</load_address>
         <run_address>0x1ecb</run_address>
         <size>0x58</size>
         <input_file_ref idref="fl-1e"/>
      </object_component>
      <object_component id="oc-1a2">
         <name>.debug_line</name>
         <load_address>0x1f23</load_address>
         <run_address>0x1f23</run_address>
         <size>0x58</size>
         <input_file_ref idref="fl-1e"/>
      </object_component>
      <object_component id="oc-1a7">
         <name>.debug_line</name>
         <load_address>0x1f7b</load_address>
         <run_address>0x1f7b</run_address>
         <size>0x58</size>
         <input_file_ref idref="fl-1e"/>
      </object_component>
      <object_component id="oc-cc">
         <name>.debug_line</name>
         <load_address>0x1fd3</load_address>
         <run_address>0x1fd3</run_address>
         <size>0x9cf</size>
         <input_file_ref idref="fl-1e"/>
      </object_component>
      <object_component id="oc-1ae">
         <name>.debug_line</name>
         <load_address>0x29a2</load_address>
         <run_address>0x29a2</run_address>
         <size>0x58</size>
         <input_file_ref idref="fl-1e"/>
      </object_component>
      <object_component id="oc-171">
         <name>.debug_line</name>
         <load_address>0x29fa</load_address>
         <run_address>0x29fa</run_address>
         <size>0x63</size>
         <input_file_ref idref="fl-e4"/>
      </object_component>
      <object_component id="oc-c2">
         <name>.debug_line</name>
         <load_address>0x2a5d</load_address>
         <run_address>0x2a5d</run_address>
         <size>0x9e</size>
         <input_file_ref idref="fl-e5"/>
      </object_component>
      <object_component id="oc-49">
         <name>.debug_line</name>
         <load_address>0x2afb</load_address>
         <run_address>0x2afb</run_address>
         <size>0x4f</size>
         <input_file_ref idref="fl-e5"/>
      </object_component>
      <object_component id="oc-89">
         <name>.debug_line</name>
         <load_address>0x2b4a</load_address>
         <run_address>0x2b4a</run_address>
         <size>0x34</size>
         <input_file_ref idref="fl-e5"/>
      </object_component>
      <object_component id="oc-bf">
         <name>.debug_line</name>
         <load_address>0x2b7e</load_address>
         <run_address>0x2b7e</run_address>
         <size>0x8a</size>
         <input_file_ref idref="fl-e5"/>
      </object_component>
      <object_component id="oc-84">
         <name>.debug_line</name>
         <load_address>0x2c08</load_address>
         <run_address>0x2c08</run_address>
         <size>0x20</size>
         <input_file_ref idref="fl-e6"/>
      </object_component>
      <object_component id="oc-1a">
         <name>.debug_line</name>
         <load_address>0x2c28</load_address>
         <run_address>0x2c28</run_address>
         <size>0x55</size>
         <input_file_ref idref="fl-e6"/>
      </object_component>
      <object_component id="oc-41">
         <name>.debug_line</name>
         <load_address>0x2c7d</load_address>
         <run_address>0x2c7d</run_address>
         <size>0x3a</size>
         <input_file_ref idref="fl-e6"/>
      </object_component>
      <object_component id="oc-81">
         <name>.debug_line</name>
         <load_address>0x2cb7</load_address>
         <run_address>0x2cb7</run_address>
         <size>0x8a</size>
         <input_file_ref idref="fl-e6"/>
      </object_component>
      <object_component id="oc-bb">
         <name>.debug_line</name>
         <load_address>0x2d41</load_address>
         <run_address>0x2d41</run_address>
         <size>0x20</size>
         <input_file_ref idref="fl-e7"/>
      </object_component>
      <object_component id="oc-16">
         <name>.debug_line</name>
         <load_address>0x2d61</load_address>
         <run_address>0x2d61</run_address>
         <size>0xa9</size>
         <input_file_ref idref="fl-e7"/>
      </object_component>
      <object_component id="oc-31">
         <name>.debug_line</name>
         <load_address>0x2e0a</load_address>
         <run_address>0x2e0a</run_address>
         <size>0x3a</size>
         <input_file_ref idref="fl-e7"/>
      </object_component>
      <object_component id="oc-b8">
         <name>.debug_line</name>
         <load_address>0x2e44</load_address>
         <run_address>0x2e44</run_address>
         <size>0x92</size>
         <input_file_ref idref="fl-e7"/>
      </object_component>
      <object_component id="oc-7a">
         <name>.debug_line</name>
         <load_address>0x2ed6</load_address>
         <run_address>0x2ed6</run_address>
         <size>0x8e</size>
         <input_file_ref idref="fl-e7"/>
      </object_component>
      <object_component id="oc-69">
         <name>.debug_line</name>
         <load_address>0x2f64</load_address>
         <run_address>0x2f64</run_address>
         <size>0x33</size>
         <input_file_ref idref="fl-e8"/>
      </object_component>
      <object_component id="oc-5a">
         <name>.debug_line</name>
         <load_address>0x2f97</load_address>
         <run_address>0x2f97</run_address>
         <size>0x56</size>
         <input_file_ref idref="fl-e8"/>
      </object_component>
      <object_component id="oc-ed">
         <name>.debug_line</name>
         <load_address>0x2fed</load_address>
         <run_address>0x2fed</run_address>
         <size>0x3c</size>
         <input_file_ref idref="fl-e9"/>
      </object_component>
      <object_component id="oc-3a">
         <name>.debug_line</name>
         <load_address>0x3029</load_address>
         <run_address>0x3029</run_address>
         <size>0x88</size>
         <input_file_ref idref="fl-ec"/>
      </object_component>
      <object_component id="oc-1de">
         <name>.debug_line</name>
         <load_address>0x30b1</load_address>
         <run_address>0x30b1</run_address>
         <size>0xb7</size>
         <input_file_ref idref="fl-ee"/>
      </object_component>
      <object_component id="oc-fc">
         <name>.debug_line</name>
         <load_address>0x3168</load_address>
         <run_address>0x3168</run_address>
         <size>0x6c</size>
         <input_file_ref idref="fl-ee"/>
      </object_component>
      <object_component id="oc-1e2">
         <name>.debug_line</name>
         <load_address>0x31d4</load_address>
         <run_address>0x31d4</run_address>
         <size>0x2e</size>
         <input_file_ref idref="fl-ee"/>
      </object_component>
      <object_component id="oc-1f6">
         <name>.debug_line</name>
         <load_address>0x3202</load_address>
         <run_address>0x3202</run_address>
         <size>0x92</size>
         <input_file_ref idref="fl-ee"/>
      </object_component>
      <object_component id="oc-1e7">
         <name>.debug_line</name>
         <load_address>0x3294</load_address>
         <run_address>0x3294</run_address>
         <size>0x8f</size>
         <input_file_ref idref="fl-ee"/>
      </object_component>
      <object_component id="oc-1ec">
         <name>.debug_line</name>
         <load_address>0x3323</load_address>
         <run_address>0x3323</run_address>
         <size>0x8b</size>
         <input_file_ref idref="fl-ee"/>
      </object_component>
      <object_component id="oc-96">
         <name>.debug_line</name>
         <load_address>0x33ae</load_address>
         <run_address>0x33ae</run_address>
         <size>0x40</size>
         <input_file_ref idref="fl-ef"/>
      </object_component>
      <object_component id="oc-9d">
         <name>.debug_frame</name>
         <load_address>0x0</load_address>
         <run_address>0x0</run_address>
         <size>0x74</size>
         <input_file_ref idref="fl-2"/>
      </object_component>
      <object_component id="oc-df">
         <name>.debug_frame</name>
         <load_address>0x74</load_address>
         <run_address>0x74</run_address>
         <size>0x12c</size>
         <input_file_ref idref="fl-3"/>
      </object_component>
      <object_component id="oc-28">
         <name>.debug_frame</name>
         <load_address>0x1a0</load_address>
         <run_address>0x1a0</run_address>
         <size>0x90</size>
         <input_file_ref idref="fl-4"/>
      </object_component>
      <object_component id="oc-ca">
         <name>.debug_frame</name>
         <load_address>0x230</load_address>
         <run_address>0x230</run_address>
         <size>0x268</size>
         <input_file_ref idref="fl-7"/>
      </object_component>
      <object_component id="oc-13e">
         <name>.debug_frame</name>
         <load_address>0x498</load_address>
         <run_address>0x498</run_address>
         <size>0xbc</size>
         <input_file_ref idref="fl-9"/>
      </object_component>
      <object_component id="oc-d6">
         <name>.debug_frame</name>
         <load_address>0x554</load_address>
         <run_address>0x554</run_address>
         <size>0x564</size>
         <input_file_ref idref="fl-12"/>
      </object_component>
      <object_component id="oc-da">
         <name>.debug_frame</name>
         <load_address>0xab8</load_address>
         <run_address>0xab8</run_address>
         <size>0x1d4</size>
         <input_file_ref idref="fl-15"/>
      </object_component>
      <object_component id="oc-cd">
         <name>.debug_frame</name>
         <load_address>0xc8c</load_address>
         <run_address>0xc8c</run_address>
         <size>0x5a8</size>
         <input_file_ref idref="fl-1e"/>
      </object_component>
      <object_component id="oc-48">
         <name>.debug_frame</name>
         <load_address>0x1234</load_address>
         <run_address>0x1234</run_address>
         <size>0x54</size>
         <input_file_ref idref="fl-e5"/>
      </object_component>
      <object_component id="oc-1d">
         <name>.debug_frame</name>
         <load_address>0x1288</load_address>
         <run_address>0x1288</run_address>
         <size>0x54</size>
         <input_file_ref idref="fl-e6"/>
      </object_component>
      <object_component id="oc-17">
         <name>.debug_frame</name>
         <load_address>0x12dc</load_address>
         <run_address>0x12dc</run_address>
         <size>0x60</size>
         <input_file_ref idref="fl-e7"/>
      </object_component>
      <object_component id="oc-5b">
         <name>.debug_frame</name>
         <load_address>0x133c</load_address>
         <run_address>0x133c</run_address>
         <size>0x58</size>
         <input_file_ref idref="fl-e8"/>
      </object_component>
      <object_component id="oc-ee">
         <name>.debug_frame</name>
         <load_address>0x1394</load_address>
         <run_address>0x1394</run_address>
         <size>0x54</size>
         <input_file_ref idref="fl-e9"/>
      </object_component>
      <object_component id="oc-fd">
         <name>.debug_frame</name>
         <load_address>0x13e8</load_address>
         <run_address>0x13e8</run_address>
         <size>0x5c</size>
         <input_file_ref idref="fl-ee"/>
      </object_component>
      <object_component id="oc-97">
         <name>.debug_frame</name>
         <load_address>0x1444</load_address>
         <run_address>0x1444</run_address>
         <size>0x54</size>
         <input_file_ref idref="fl-ef"/>
      </object_component>
      <object_component id="oc-12a">
         <name>.debug_abbrev</name>
         <load_address>0x0</load_address>
         <run_address>0x0</run_address>
         <size>0xc6</size>
         <input_file_ref idref="fl-2"/>
      </object_component>
      <object_component id="oc-17b">
         <name>.debug_abbrev</name>
         <load_address>0xc6</load_address>
         <run_address>0xc6</run_address>
         <size>0x29</size>
         <input_file_ref idref="fl-2"/>
      </object_component>
      <object_component id="oc-e6">
         <name>.debug_abbrev</name>
         <load_address>0xef</load_address>
         <run_address>0xef</run_address>
         <size>0x9b</size>
         <input_file_ref idref="fl-2"/>
      </object_component>
      <object_component id="oc-e9">
         <name>.debug_abbrev</name>
         <load_address>0x18a</load_address>
         <run_address>0x18a</run_address>
         <size>0x96</size>
         <input_file_ref idref="fl-2"/>
      </object_component>
      <object_component id="oc-6f">
         <name>.debug_abbrev</name>
         <load_address>0x220</load_address>
         <run_address>0x220</run_address>
         <size>0x69</size>
         <input_file_ref idref="fl-2"/>
      </object_component>
      <object_component id="oc-b1">
         <name>.debug_abbrev</name>
         <load_address>0x289</load_address>
         <run_address>0x289</run_address>
         <size>0x1f</size>
         <input_file_ref idref="fl-2"/>
      </object_component>
      <object_component id="oc-ac">
         <name>.debug_abbrev</name>
         <load_address>0x2a8</load_address>
         <run_address>0x2a8</run_address>
         <size>0x5c</size>
         <input_file_ref idref="fl-2"/>
      </object_component>
      <object_component id="oc-132">
         <name>.debug_abbrev</name>
         <load_address>0x304</load_address>
         <run_address>0x304</run_address>
         <size>0x24</size>
         <input_file_ref idref="fl-2"/>
      </object_component>
      <object_component id="oc-74">
         <name>.debug_abbrev</name>
         <load_address>0x328</load_address>
         <run_address>0x328</run_address>
         <size>0x24</size>
         <input_file_ref idref="fl-2"/>
      </object_component>
      <object_component id="oc-1cd">
         <name>.debug_abbrev</name>
         <load_address>0x34c</load_address>
         <run_address>0x34c</run_address>
         <size>0x94</size>
         <input_file_ref idref="fl-3"/>
      </object_component>
      <object_component id="oc-1c9">
         <name>.debug_abbrev</name>
         <load_address>0x3e0</load_address>
         <run_address>0x3e0</run_address>
         <size>0x27</size>
         <input_file_ref idref="fl-3"/>
      </object_component>
      <object_component id="oc-1cb">
         <name>.debug_abbrev</name>
         <load_address>0x407</load_address>
         <run_address>0x407</run_address>
         <size>0x27</size>
         <input_file_ref idref="fl-3"/>
      </object_component>
      <object_component id="oc-179">
         <name>.debug_abbrev</name>
         <load_address>0x42e</load_address>
         <run_address>0x42e</run_address>
         <size>0xa7</size>
         <input_file_ref idref="fl-3"/>
      </object_component>
      <object_component id="oc-35">
         <name>.debug_abbrev</name>
         <load_address>0x4d5</load_address>
         <run_address>0x4d5</run_address>
         <size>0x1f</size>
         <input_file_ref idref="fl-3"/>
      </object_component>
      <object_component id="oc-6b">
         <name>.debug_abbrev</name>
         <load_address>0x4f4</load_address>
         <run_address>0x4f4</run_address>
         <size>0x68</size>
         <input_file_ref idref="fl-4"/>
      </object_component>
      <object_component id="oc-2a">
         <name>.debug_abbrev</name>
         <load_address>0x55c</load_address>
         <run_address>0x55c</run_address>
         <size>0x29</size>
         <input_file_ref idref="fl-4"/>
      </object_component>
      <object_component id="oc-6a">
         <name>.debug_abbrev</name>
         <load_address>0x585</load_address>
         <run_address>0x585</run_address>
         <size>0x79</size>
         <input_file_ref idref="fl-4"/>
      </object_component>
      <object_component id="oc-19f">
         <name>.debug_abbrev</name>
         <load_address>0x5fe</load_address>
         <run_address>0x5fe</run_address>
         <size>0x76</size>
         <input_file_ref idref="fl-7"/>
      </object_component>
      <object_component id="oc-19d">
         <name>.debug_abbrev</name>
         <load_address>0x674</load_address>
         <run_address>0x674</run_address>
         <size>0x27</size>
         <input_file_ref idref="fl-7"/>
      </object_component>
      <object_component id="oc-12f">
         <name>.debug_abbrev</name>
         <load_address>0x69b</load_address>
         <run_address>0x69b</run_address>
         <size>0x12c</size>
         <input_file_ref idref="fl-7"/>
      </object_component>
      <object_component id="oc-1a3">
         <name>.debug_abbrev</name>
         <load_address>0x7c7</load_address>
         <run_address>0x7c7</run_address>
         <size>0xca</size>
         <input_file_ref idref="fl-9"/>
      </object_component>
      <object_component id="oc-1b6">
         <name>.debug_abbrev</name>
         <load_address>0x891</load_address>
         <run_address>0x891</run_address>
         <size>0x76</size>
         <input_file_ref idref="fl-12"/>
      </object_component>
      <object_component id="oc-1b0">
         <name>.debug_abbrev</name>
         <load_address>0x907</load_address>
         <run_address>0x907</run_address>
         <size>0x27</size>
         <input_file_ref idref="fl-12"/>
      </object_component>
      <object_component id="oc-1b2">
         <name>.debug_abbrev</name>
         <load_address>0x92e</load_address>
         <run_address>0x92e</run_address>
         <size>0x27</size>
         <input_file_ref idref="fl-12"/>
      </object_component>
      <object_component id="oc-1b4">
         <name>.debug_abbrev</name>
         <load_address>0x955</load_address>
         <run_address>0x955</run_address>
         <size>0x27</size>
         <input_file_ref idref="fl-12"/>
      </object_component>
      <object_component id="oc-154">
         <name>.debug_abbrev</name>
         <load_address>0x97c</load_address>
         <run_address>0x97c</run_address>
         <size>0xd6</size>
         <input_file_ref idref="fl-12"/>
      </object_component>
      <object_component id="oc-1c6">
         <name>.debug_abbrev</name>
         <load_address>0xa52</load_address>
         <run_address>0xa52</run_address>
         <size>0x92</size>
         <input_file_ref idref="fl-15"/>
      </object_component>
      <object_component id="oc-1ba">
         <name>.debug_abbrev</name>
         <load_address>0xae4</load_address>
         <run_address>0xae4</run_address>
         <size>0x27</size>
         <input_file_ref idref="fl-15"/>
      </object_component>
      <object_component id="oc-1bc">
         <name>.debug_abbrev</name>
         <load_address>0xb0b</load_address>
         <run_address>0xb0b</run_address>
         <size>0x27</size>
         <input_file_ref idref="fl-15"/>
      </object_component>
      <object_component id="oc-1be">
         <name>.debug_abbrev</name>
         <load_address>0xb32</load_address>
         <run_address>0xb32</run_address>
         <size>0x27</size>
         <input_file_ref idref="fl-15"/>
      </object_component>
      <object_component id="oc-1c0">
         <name>.debug_abbrev</name>
         <load_address>0xb59</load_address>
         <run_address>0xb59</run_address>
         <size>0x27</size>
         <input_file_ref idref="fl-15"/>
      </object_component>
      <object_component id="oc-1c2">
         <name>.debug_abbrev</name>
         <load_address>0xb80</load_address>
         <run_address>0xb80</run_address>
         <size>0x27</size>
         <input_file_ref idref="fl-15"/>
      </object_component>
      <object_component id="oc-1c4">
         <name>.debug_abbrev</name>
         <load_address>0xba7</load_address>
         <run_address>0xba7</run_address>
         <size>0x27</size>
         <input_file_ref idref="fl-15"/>
      </object_component>
      <object_component id="oc-1b8">
         <name>.debug_abbrev</name>
         <load_address>0xbce</load_address>
         <run_address>0xbce</run_address>
         <size>0x29</size>
         <input_file_ref idref="fl-15"/>
      </object_component>
      <object_component id="oc-16b">
         <name>.debug_abbrev</name>
         <load_address>0xbf7</load_address>
         <run_address>0xbf7</run_address>
         <size>0x101</size>
         <input_file_ref idref="fl-15"/>
      </object_component>
      <object_component id="oc-1aa">
         <name>.debug_abbrev</name>
         <load_address>0xcf8</load_address>
         <run_address>0xcf8</run_address>
         <size>0xb4</size>
         <input_file_ref idref="fl-1e"/>
      </object_component>
      <object_component id="oc-1a4">
         <name>.debug_abbrev</name>
         <load_address>0xdac</load_address>
         <run_address>0xdac</run_address>
         <size>0x27</size>
         <input_file_ref idref="fl-1e"/>
      </object_component>
      <object_component id="oc-1a8">
         <name>.debug_abbrev</name>
         <load_address>0xdd3</load_address>
         <run_address>0xdd3</run_address>
         <size>0x27</size>
         <input_file_ref idref="fl-1e"/>
      </object_component>
      <object_component id="oc-1a1">
         <name>.debug_abbrev</name>
         <load_address>0xdfa</load_address>
         <run_address>0xdfa</run_address>
         <size>0x27</size>
         <input_file_ref idref="fl-1e"/>
      </object_component>
      <object_component id="oc-1a6">
         <name>.debug_abbrev</name>
         <load_address>0xe21</load_address>
         <run_address>0xe21</run_address>
         <size>0x27</size>
         <input_file_ref idref="fl-1e"/>
      </object_component>
      <object_component id="oc-149">
         <name>.debug_abbrev</name>
         <load_address>0xe48</load_address>
         <run_address>0xe48</run_address>
         <size>0x12e</size>
         <input_file_ref idref="fl-1e"/>
      </object_component>
      <object_component id="oc-1ad">
         <name>.debug_abbrev</name>
         <load_address>0xf76</load_address>
         <run_address>0xf76</run_address>
         <size>0x38</size>
         <input_file_ref idref="fl-1e"/>
      </object_component>
      <object_component id="oc-1c8">
         <name>.debug_abbrev</name>
         <load_address>0xfae</load_address>
         <run_address>0xfae</run_address>
         <size>0x4a</size>
         <input_file_ref idref="fl-e4"/>
      </object_component>
      <object_component id="oc-c1">
         <name>.debug_abbrev</name>
         <load_address>0xff8</load_address>
         <run_address>0xff8</run_address>
         <size>0x73</size>
         <input_file_ref idref="fl-e5"/>
      </object_component>
      <object_component id="oc-85">
         <name>.debug_abbrev</name>
         <load_address>0x106b</load_address>
         <run_address>0x106b</run_address>
         <size>0x6f</size>
         <input_file_ref idref="fl-e5"/>
      </object_component>
      <object_component id="oc-88">
         <name>.debug_abbrev</name>
         <load_address>0x10da</load_address>
         <run_address>0x10da</run_address>
         <size>0x24</size>
         <input_file_ref idref="fl-e5"/>
      </object_component>
      <object_component id="oc-be">
         <name>.debug_abbrev</name>
         <load_address>0x10fe</load_address>
         <run_address>0x10fe</run_address>
         <size>0x24</size>
         <input_file_ref idref="fl-e5"/>
      </object_component>
      <object_component id="oc-83">
         <name>.debug_abbrev</name>
         <load_address>0x1122</load_address>
         <run_address>0x1122</run_address>
         <size>0x37</size>
         <input_file_ref idref="fl-e6"/>
      </object_component>
      <object_component id="oc-3d">
         <name>.debug_abbrev</name>
         <load_address>0x1159</load_address>
         <run_address>0x1159</run_address>
         <size>0x74</size>
         <input_file_ref idref="fl-e6"/>
      </object_component>
      <object_component id="oc-40">
         <name>.debug_abbrev</name>
         <load_address>0x11cd</load_address>
         <run_address>0x11cd</run_address>
         <size>0x24</size>
         <input_file_ref idref="fl-e6"/>
      </object_component>
      <object_component id="oc-80">
         <name>.debug_abbrev</name>
         <load_address>0x11f1</load_address>
         <run_address>0x11f1</run_address>
         <size>0x24</size>
         <input_file_ref idref="fl-e6"/>
      </object_component>
      <object_component id="oc-ba">
         <name>.debug_abbrev</name>
         <load_address>0x1215</load_address>
         <run_address>0x1215</run_address>
         <size>0x37</size>
         <input_file_ref idref="fl-e7"/>
      </object_component>
      <object_component id="oc-2d">
         <name>.debug_abbrev</name>
         <load_address>0x124c</load_address>
         <run_address>0x124c</run_address>
         <size>0x6f</size>
         <input_file_ref idref="fl-e7"/>
      </object_component>
      <object_component id="oc-30">
         <name>.debug_abbrev</name>
         <load_address>0x12bb</load_address>
         <run_address>0x12bb</run_address>
         <size>0x24</size>
         <input_file_ref idref="fl-e7"/>
      </object_component>
      <object_component id="oc-b7">
         <name>.debug_abbrev</name>
         <load_address>0x12df</load_address>
         <run_address>0x12df</run_address>
         <size>0x35</size>
         <input_file_ref idref="fl-e7"/>
      </object_component>
      <object_component id="oc-79">
         <name>.debug_abbrev</name>
         <load_address>0x1314</load_address>
         <run_address>0x1314</run_address>
         <size>0x24</size>
         <input_file_ref idref="fl-e7"/>
      </object_component>
      <object_component id="oc-68">
         <name>.debug_abbrev</name>
         <load_address>0x1338</load_address>
         <run_address>0x1338</run_address>
         <size>0x29</size>
         <input_file_ref idref="fl-e8"/>
      </object_component>
      <object_component id="oc-a1">
         <name>.debug_abbrev</name>
         <load_address>0x1361</load_address>
         <run_address>0x1361</run_address>
         <size>0x61</size>
         <input_file_ref idref="fl-e8"/>
      </object_component>
      <object_component id="oc-17d">
         <name>.debug_abbrev</name>
         <load_address>0x13c2</load_address>
         <run_address>0x13c2</run_address>
         <size>0x45</size>
         <input_file_ref idref="fl-e9"/>
      </object_component>
      <object_component id="oc-7d">
         <name>.debug_abbrev</name>
         <load_address>0x1407</load_address>
         <run_address>0x1407</run_address>
         <size>0x3e</size>
         <input_file_ref idref="fl-ec"/>
      </object_component>
      <object_component id="oc-1dd">
         <name>.debug_abbrev</name>
         <load_address>0x1445</load_address>
         <run_address>0x1445</run_address>
         <size>0xdb</size>
         <input_file_ref idref="fl-ee"/>
      </object_component>
      <object_component id="oc-187">
         <name>.debug_abbrev</name>
         <load_address>0x1520</load_address>
         <run_address>0x1520</run_address>
         <size>0x7e</size>
         <input_file_ref idref="fl-ee"/>
      </object_component>
      <object_component id="oc-1e1">
         <name>.debug_abbrev</name>
         <load_address>0x159e</load_address>
         <run_address>0x159e</run_address>
         <size>0x24</size>
         <input_file_ref idref="fl-ee"/>
      </object_component>
      <object_component id="oc-1f5">
         <name>.debug_abbrev</name>
         <load_address>0x15c2</load_address>
         <run_address>0x15c2</run_address>
         <size>0x24</size>
         <input_file_ref idref="fl-ee"/>
      </object_component>
      <object_component id="oc-1e6">
         <name>.debug_abbrev</name>
         <load_address>0x15e6</load_address>
         <run_address>0x15e6</run_address>
         <size>0x24</size>
         <input_file_ref idref="fl-ee"/>
      </object_component>
      <object_component id="oc-1eb">
         <name>.debug_abbrev</name>
         <load_address>0x160a</load_address>
         <run_address>0x160a</run_address>
         <size>0x4b</size>
         <input_file_ref idref="fl-ee"/>
      </object_component>
      <object_component id="oc-c4">
         <name>.debug_abbrev</name>
         <load_address>0x1655</load_address>
         <run_address>0x1655</run_address>
         <size>0x55</size>
         <input_file_ref idref="fl-ef"/>
      </object_component>
      <object_component id="oc-22d">
         <name>.debug_abbrev</name>
         <load_address>0x16aa</load_address>
         <run_address>0x16aa</run_address>
         <size>0xf</size>
      </object_component>
      <object_component id="oc-eb">
         <name>.debug_str</name>
         <load_address>0x0</load_address>
         <run_address>0x0</run_address>
         <size>0x25f</size>
         <input_file_ref idref="fl-2"/>
      </object_component>
      <object_component id="oc-71">
         <name>.debug_str</name>
         <load_address>0x25f</load_address>
         <run_address>0x25f</run_address>
         <size>0x2bb</size>
         <input_file_ref idref="fl-2"/>
      </object_component>
      <object_component id="oc-b3">
         <name>.debug_str</name>
         <load_address>0x51a</load_address>
         <run_address>0x51a</run_address>
         <size>0xfa</size>
         <input_file_ref idref="fl-2"/>
      </object_component>
      <object_component id="oc-ae">
         <name>.debug_str</name>
         <load_address>0x614</load_address>
         <run_address>0x614</run_address>
         <size>0x34a</size>
         <input_file_ref idref="fl-2"/>
      </object_component>
      <object_component id="oc-134">
         <name>.debug_str</name>
         <load_address>0x95e</load_address>
         <run_address>0x95e</run_address>
         <size>0x1c6</size>
         <input_file_ref idref="fl-2"/>
      </object_component>
      <object_component id="oc-76">
         <name>.debug_str</name>
         <load_address>0xb24</load_address>
         <run_address>0xb24</run_address>
         <size>0x153</size>
         <input_file_ref idref="fl-2"/>
      </object_component>
      <object_component id="oc-37">
         <name>.debug_str</name>
         <load_address>0xc77</load_address>
         <run_address>0xc77</run_address>
         <size>0xfa</size>
         <input_file_ref idref="fl-3"/>
      </object_component>
      <object_component id="oc-1af">
         <name>.debug_str</name>
         <load_address>0xd71</load_address>
         <run_address>0xd71</run_address>
         <size>0xf5</size>
         <input_file_ref idref="fl-1e"/>
      </object_component>
      <object_component id="oc-8a">
         <name>.debug_str</name>
         <load_address>0xe66</load_address>
         <run_address>0xe66</run_address>
         <size>0xfa</size>
         <input_file_ref idref="fl-e5"/>
      </object_component>
      <object_component id="oc-c0">
         <name>.debug_str</name>
         <load_address>0xf60</load_address>
         <run_address>0xf60</run_address>
         <size>0x12d</size>
         <input_file_ref idref="fl-e5"/>
      </object_component>
      <object_component id="oc-42">
         <name>.debug_str</name>
         <load_address>0x108d</load_address>
         <run_address>0x108d</run_address>
         <size>0x100</size>
         <input_file_ref idref="fl-e6"/>
      </object_component>
      <object_component id="oc-82">
         <name>.debug_str</name>
         <load_address>0x118d</load_address>
         <run_address>0x118d</run_address>
         <size>0x12d</size>
         <input_file_ref idref="fl-e6"/>
      </object_component>
      <object_component id="oc-32">
         <name>.debug_str</name>
         <load_address>0x12ba</load_address>
         <run_address>0x12ba</run_address>
         <size>0x10d</size>
         <input_file_ref idref="fl-e7"/>
      </object_component>
      <object_component id="oc-b9">
[...]
      <symbol id="sm-265">
         <name>GPIOIntClear</name>
         <value>0x180f</value>
         <object_component_ref idref="oc-d1"/>
      </symbol>
      <symbol id="sm-266">
         <name>GPIOADCTriggerEnable</name>
         <value>0x1d3b</value>
         <object_component_ref idref="oc-d1"/>
      </symbol>
      <symbol id="sm-267">
         <name>GPIOADCTriggerDisable</name>
         <value>0x1d59</value>
         <object_component_ref idref="oc-d1"/>
      </symbol>
      <symbol id="sm-268">
         <name>GPIOPinTypeUART</name>
         <value>0x1bd9</value>
         <object_component_ref idref="oc-d1"/>
      </symbol>
      <symbol id="sm-269">
         <name>GPIOIntRegisterPin</name>
         <value>0x185b</value>
         <object_component_ref idref="oc-d1"/>
      </symbol>
      <symbol id="sm-26a">
         <name>GPIOIntStatus</name>
         <value>0x17ed</value>
         <object_component_ref idref="oc-d1"/>
      </symbol>
      <symbol id="sm-26b">
         <name>GPIOPinTypeDIVSCLK</name>
         <value>0x1975</value>
         <object_component_ref idref="oc-d1"/>
      </symbol>
      <symbol id="sm-26c">
         <name>GPIOPinTypeGPIOOutput</name>
         <value>0x1a29</value>
         <object_component_ref idref="oc-d1"/>
      </symbol>
      <symbol id="sm-26d">
         <name>GPIOIntTypeGet</name>
         <value>0x1397</value>
         <object_component_ref idref="oc-d1"/>
      </symbol>
      <symbol id="sm-26e">
         <name>GPIOPinRead</name>
         <value>0x18ad</value>
         <object_component_ref idref="oc-d1"/>
      </symbol>
      <symbol id="sm-26f">
         <name>GPIODirModeSet</name>
         <value>0x124b</value>
         <object_component_ref idref="oc-d1"/>
      </symbol>
      <symbol id="sm-270">
         <name>GPIOPinTypeQEI</name>
         <value>0x1b49</value>
         <object_component_ref idref="oc-d1"/>
      </symbol>
      <symbol id="sm-271">
         <name>GPIOPinTypeHibernateRTCCLK</name>
         <value>0x1a71</value>
         <object_component_ref idref="oc-d1"/>
      </symbol>
      <symbol id="sm-272">
         <name>GPIODMATriggerEnable</name>
         <value>0x1cff</value>
         <object_component_ref idref="oc-d1"/>
      </symbol>
      <symbol id="sm-273">
         <name>GPIOPinTypeEthernetMII</name>
         <value>0x19e1</value>
         <object_component_ref idref="oc-d1"/>
      </symbol>
      <symbol id="sm-274">
         <name>GPIOPinWrite</name>
         <value>0x18c5</value>
         <object_component_ref idref="oc-d1"/>
      </symbol>
      <symbol id="sm-275">
         <name>GPIOPadConfigSet</name>
         <value>0x142d</value>
         <object_component_ref idref="oc-d1"/>
      </symbol>
      <symbol id="sm-276">
         <name>GPIOPinTypeLCD</name>
         <value>0x1add</value>
         <object_component_ref idref="oc-d1"/>
      </symbol>
      <symbol id="sm-277">
         <name>GPIOPinTypeSSI</name>
         <value>0x1b6d</value>
         <object_component_ref idref="oc-d1"/>
      </symbol>
      <symbol id="sm-278">
         <name>GPIOPinTypeTimer</name>
         <value>0x1b91</value>
         <object_component_ref idref="oc-d1"/>
      </symbol>
      <symbol id="sm-279">
         <name>GPIOPinTypeCAN</name>
         <value>0x1909</value>
         <object_component_ref idref="oc-d1"/>
      </symbol>
      <symbol id="sm-27a">
         <name>GPIOPinTypeEPI</name>
         <value>0x1999</value>
         <object_component_ref idref="oc-d1"/>
      </symbol>
      <symbol id="sm-27b">
         <name>GPIOPinTypeEthernetLED</name>
         <value>0x19bd</value>
         <object_component_ref idref="oc-d1"/>
      </symbol>
      <symbol id="sm-27c">
         <name>GPIOPinWakeStatus</name>
         <value>0x1c91</value>
         <object_component_ref idref="oc-d1"/>
      </symbol>
      <symbol id="sm-2fb">
         <name>IntPendClear</name>
         <value>0x2ad1</value>
         <object_component_ref idref="oc-d7"/>
      </symbol>
      <symbol id="sm-2fc">
         <name>IntPriorityGroupingGet</name>
         <value>0x284b</value>
         <object_component_ref idref="oc-d7"/>
      </symbol>
      <symbol id="sm-2fd">
         <name>IntPrioritySet</name>
         <value>0x2883</value>
         <object_component_ref idref="oc-d7"/>
      </symbol>
      <symbol id="sm-2fe">
         <name>IntIsEnabled</name>
         <value>0x29db</value>
         <object_component_ref idref="oc-d7"/>
      </symbol>
      <symbol id="sm-2ff">
         <name>IntEnable</name>
         <value>0x28f7</value>
         <object_component_ref idref="oc-d7"/>
      </symbol>
      <symbol id="sm-300">
         <name>IntTrigger</name>
         <value>0x2b33</value>
         <object_component_ref idref="oc-d7"/>
      </symbol>
      <symbol id="sm-301">
         <name>IntPriorityMaskSet</name>
         <value>0x2b1f</value>
         <object_component_ref idref="oc-d7"/>
      </symbol>
      <symbol id="sm-302">
         <name>IntPriorityGroupingSet</name>
         <value>0x2831</value>
         <object_component_ref idref="oc-d7"/>
      </symbol>
      <symbol id="sm-303">
         <name>IntDisable</name>
         <value>0x2969</value>
         <object_component_ref idref="oc-d7"/>
      </symbol>
      <symbol id="sm-304">
         <name>IntRegister</name>
         <value>0x27cb</value>
         <object_component_ref idref="oc-d7"/>
      </symbol>
      <symbol id="sm-305">
         <name>IntPriorityGet</name>
         <value>0x28d3</value>
         <object_component_ref idref="oc-d7"/>
      </symbol>
      <symbol id="sm-306">
         <name>IntMasterDisable</name>
         <value>0x27bb</value>
         <object_component_ref idref="oc-d7"/>
      </symbol>
      <symbol id="sm-307">
         <name>IntUnregister</name>
         <value>0x281d</value>
         <object_component_ref idref="oc-d7"/>
      </symbol>
      <symbol id="sm-308">
         <name>IntPriorityMaskGet</name>
         <value>0x2b2b</value>
         <object_component_ref idref="oc-d7"/>
      </symbol>
      <symbol id="sm-309">
         <name>g_pfnRAMVectors</name>
         <value>0x20000000</value>
         <object_component_ref idref="oc-156"/>
      </symbol>
      <symbol id="sm-30a">
         <name>IntMasterEnable</name>
         <value>0x27ab</value>
         <object_component_ref idref="oc-d7"/>
      </symbol>
      <symbol id="sm-30b">
         <name>IntPendSet</name>
         <value>0x2a61</value>
         <object_component_ref idref="oc-d7"/>
      </symbol>
      <symbol id="sm-454">
         <name>SysCtlGPIOAHBEnable</name>
         <value>0x1017</value>
         <object_component_ref idref="oc-cb"/>
      </symbol>
      <symbol id="sm-455">
         <name>SysCtlIntRegister</name>
         <value>0x6f5</value>
         <object_component_ref idref="oc-cb"/>
      </symbol>
      <symbol id="sm-456">
         <name>SysCtlFlashSizeGet</name>
         <value>0x337</value>
         <object_component_ref idref="oc-cb"/>
      </symbol>
      <symbol id="sm-457">
         <name>SysCtlPeripheralDeepSleepEnable</name>
         <value>0x609</value>
         <object_component_ref idref="oc-cb"/>
      </symbol>
      <symbol id="sm-458">
         <name>SysCtlLDODeepSleepGet</name>
         <value>0x79b</value>
         <object_component_ref idref="oc-cb"/>
      </symbol>
      <symbol id="sm-459">
         <name>SysCtlFlashSectorSizeGet</name>
         <value>0x363</value>
         <object_component_ref idref="oc-cb"/>
      </symbol>
      <symbol id="sm-45a">
         <name>SysCtlIntDisable</name>
         <value>0x731</value>
         <object_component_ref idref="oc-cb"/>
      </symbol>
      <symbol id="sm-45b">
         <name>SysCtlResetBehaviorGet</name>
         <value>0x881</value>
         <object_component_ref idref="oc-cb"/>
      </symbol>
      <symbol id="sm-45c">
         <name>SysCtlPeripheralPresent</name>
         <value>0x389</value>
         <object_component_ref idref="oc-cb"/>
      </symbol>
      <symbol id="sm-45d">
         <name>SysCtlDeepSleepClockSet</name>
         <value>0xf3f</value>
         <object_component_ref idref="oc-cb"/>
      </symbol>
      <symbol id="sm-45e">
         <name>SysCtlClockSet</name>
         <value>0xbc9</value>
         <object_component_ref idref="oc-cb"/>
      </symbol>
      <symbol id="sm-45f">
         <name>SysCtlAltClkConfig</name>
         <value>0x11a9</value>
         <object_component_ref idref="oc-cb"/>
      </symbol>
      <symbol id="sm-460">
         <name>SysCtlPeripheralClockGating</name>
         <value>0x6a1</value>
         <object_component_ref idref="oc-cb"/>
      </symbol>
      <symbol id="sm-461">
         <name>SysCtlIntStatus</name>
         <value>0x759</value>
         <object_component_ref idref="oc-cb"/>
      </symbol>
      <symbol id="sm-462">
         <name>SysCtlIntClear</name>
         <value>0x749</value>
         <object_component_ref idref="oc-cb"/>
      </symbol>
      <symbol id="sm-463">
         <name>SysCtlVoltageEventStatus</name>
         <value>0x107d</value>
         <object_component_ref idref="oc-cb"/>
      </symbol>
      <symbol id="sm-464">
         <name>SysCtlVoltageEventConfig</name>
         <value>0x106d</value>
         <object_component_ref idref="oc-cb"/>
      </symbol>
      <symbol id="sm-465">
         <name>SysCtlResetCauseGet</name>
         <value>0x7f1</value>
         <object_component_ref idref="oc-cb"/>
      </symbol>
      <symbol id="sm-466">
         <name>SysCtlSleep</name>
         <value>0x7cd</value>
         <object_component_ref idref="oc-cb"/>
      </symbol>
      <symbol id="sm-467">
         <name>SysCtlPWMClockGet</name>
         <value>0x1001</value>
         <object_component_ref idref="oc-cb"/>
      </symbol>
      <symbol id="sm-468">
         <name>SysCtlDeepSleepPowerSet</name>
         <value>0x7b5</value>
         <object_component_ref idref="oc-cb"/>
      </symbol>
      <symbol id="sm-469">
         <name>SysCtlClockOutConfig</name>
         <value>0x118d</value>
         <object_component_ref idref="oc-cb"/>
      </symbol>
      <symbol id="sm-46a">
         <name>SysCtlNMIStatus</name>
         <value>0x115d</value>
         <object_component_ref idref="oc-cb"/>
      </symbol>
      <symbol id="sm-46b">
         <name>SysCtlDeepSleepClockConfigSet</name>
         <value>0xf5d</value>
         <object_component_ref idref="oc-cb"/>
      </symbol>
      <symbol id="sm-46c">
         <name>SysCtlDelay</name>
         <value>0x3309</value>
         <object_component_ref idref="oc-148"/>
      </symbol>
      <symbol id="sm-46d">
         <name>SysCtlVoltageEventClear</name>
         <value>0x1089</value>
         <object_component_ref idref="oc-cb"/>
      </symbol>
      <symbol id="sm-46e">
         <name>SysCtlLDOSleepSet</name>
         <value>0x775</value>
         <object_component_ref idref="oc-cb"/>
      </symbol>
      <symbol id="sm-46f">
         <name>SysCtlMOSCConfigSet</name>
         <value>0x80b</value>
         <object_component_ref idref="oc-cb"/>
      </symbol>
      <symbol id="sm-470">
         <name>SysCtlPeripheralEnable</name>
         <value>0x509</value>
         <object_component_ref idref="oc-cb"/>
      </symbol>
      <symbol id="sm-471">
         <name>SysCtlIntEnable</name>
         <value>0x71d</value>
         <object_component_ref idref="oc-cb"/>
      </symbol>
      <symbol id="sm-472">
         <name>SysCtlNMIClear</name>
         <value>0x1171</value>
         <object_component_ref idref="oc-cb"/>
      </symbol>
      <symbol id="sm-473">
         <name>SysCtlPeripheralPowerOff</name>
         <value>0x445</value>
         <object_component_ref idref="oc-cb"/>
      </symbol>
      <symbol id="sm-474">
         <name>SysCtlSleepPowerSet</name>
         <value>0x7a1</value>
         <object_component_ref idref="oc-cb"/>
      </symbol>
      <symbol id="sm-475">
         <name>SysCtlDeepSleep</name>
         <value>0x7d5</value>
         <object_component_ref idref="oc-cb"/>
      </symbol>
      <symbol id="sm-476">
         <name>SysCtlLDODeepSleepSet</name>
         <value>0x78b</value>
         <object_component_ref idref="oc-cb"/>
      </symbol>
      <symbol id="sm-477">
         <name>SysCtlPeripheralPowerOn</name>
         <value>0x409</value>
         <object_component_ref idref="oc-cb"/>
      </symbol>
      <symbol id="sm-478">
         <name>SysCtlPeripheralDeepSleepDisable</name>
         <value>0x659</value>
         <object_component_ref idref="oc-cb"/>
      </symbol>
      <symbol id="sm-479">
         <name>SysCtlPeripheralSleepDisable</name>
         <value>0x5cd</value>
         <object_component_ref idref="oc-cb"/>
      </symbol>
      <symbol id="sm-47a">
         <name>SysCtlVCOGet</name>
         <value>0x10a1</value>
         <object_component_ref idref="oc-cb"/>
      </symbol>
      <symbol id="sm-47b">
         <name>SysCtlResetBehaviorSet</name>
         <value>0x871</value>
         <object_component_ref idref="oc-cb"/>
      </symbol>
      <symbol id="sm-47c">
         <name>SysCtlReset</name>
         <value>0x7c5</value>
         <object_component_ref idref="oc-cb"/>
      </symbol>
      <symbol id="sm-47d">
         <name>SysCtlGPIOAHBDisable</name>
         <value>0x1033</value>
         <object_component_ref idref="oc-cb"/>
      </symbol>
      <symbol id="sm-47e">
         <name>SysCtlSRAMSizeGet</name>
         <value>0x32d</value>
         <object_component_ref idref="oc-cb"/>
      </symbol>
      <symbol id="sm-47f">
         <name>SysCtlClockGet</name>
         <value>0xd99</value>
         <object_component_ref idref="oc-cb"/>
      </symbol>
      <symbol id="sm-480">
         <name>SysCtlPeripheralDisable</name>
         <value>0x545</value>
         <object_component_ref idref="oc-cb"/>
      </symbol>
      <symbol id="sm-481">
         <name>SysCtlPWMClockSet</name>
         <value>0xfe7</value>
         <object_component_ref idref="oc-cb"/>
      </symbol>
      <symbol id="sm-482">
         <name>SysCtlUSBPLLEnable</name>
         <value>0x104f</value>
         <object_component_ref idref="oc-cb"/>
      </symbol>
      <symbol id="sm-483">
         <name>SysCtlPeripheralSleepEnable</name>
         <value>0x589</value>
         <object_component_ref idref="oc-cb"/>
      </symbol>
      <symbol id="sm-484">
         <name>SysCtlIntUnregister</name>
         <value>0x70d</value>
         <object_component_ref idref="oc-cb"/>
      </symbol>
      <symbol id="sm-485">
         <name>SysCtlUSBPLLDisable</name>
         <value>0x105b</value>
         <object_component_ref idref="oc-cb"/>
      </symbol>
      <symbol id="sm-486">
         <name>SysCtlPeripheralReady</name>
         <value>0x3c9</value>
         <object_component_ref idref="oc-cb"/>
      </symbol>
      <symbol id="sm-487">
         <name>SysCtlPIOSCCalibrate</name>
         <value>0x821</value>
         <object_component_ref idref="oc-cb"/>
      </symbol>
      <symbol id="sm-488">
         <name>SysCtlResetCauseClear</name>
         <value>0x7f7</value>
         <object_component_ref idref="oc-cb"/>
      </symbol>
      <symbol id="sm-489">
         <name>SysCtlLDOSleepGet</name>
         <value>0x785</value>
         <object_component_ref idref="oc-cb"/>
      </symbol>
      <symbol id="sm-48a">
         <name>SysCtlClockFreqSet</name>
         <value>0x8d1</value>
         <object_component_ref idref="oc-cb"/>
      </symbol>
      <symbol id="sm-48b">
         <name>SysCtlPeripheralReset</name>
         <value>0x481</value>
         <object_component_ref idref="oc-cb"/>
      </symbol>
      <symbol id="sm-49c">
         <name>__aeabi_f2ulz</name>
         <value>0x31d1</value>
         <object_component_ref idref="oc-16d"/>
      </symbol>
      <symbol id="sm-4b5">
         <name>__TI_zero_init_nomemset</name>
         <value>0x32dd</value>
         <object_component_ref idref="oc-44"/>
      </symbol>
      <symbol id="sm-4cc">
         <name>__TI_decompress_none</name>
         <value>0x32ef</value>
         <object_component_ref idref="oc-18"/>
      </symbol>
      <symbol id="sm-4ef">
         <name>__TI_decompress_lzss</name>
         <value>0x3169</value>
         <object_component_ref idref="oc-12"/>
      </symbol>
      <symbol id="sm-502">
         <name>__stack</name>
         <value>0x20000270</value>
         <object_component_ref idref="oc-21"/>
      </symbol>
      <symbol id="sm-503">
         <name>_c_int00_noargs</name>
         <value>0x32a5</value>
         <object_component_ref idref="oc-56"/>
      </symbol>
      <symbol id="sm-50e">
         <name>C$$EXIT</name>
         <value>0x3313</value>
         <object_component_ref idref="oc-ec"/>
      </symbol>
      <symbol id="sm-50f">
         <name>abort</name>
         <value>0x3313</value>
         <object_component_ref idref="oc-ec"/>
      </symbol>
      <symbol id="sm-52c">
         <name>memcpy</name>
         <value>0x30cd</value>
         <object_component_ref idref="oc-38"/>
      </symbol>
      <symbol id="sm-52d">
         <name>__aeabi_memcpy</name>
         <value>0x30cd</value>
         <object_component_ref idref="oc-38"/>
      </symbol>
      <symbol id="sm-52e">
         <name>__aeabi_memcpy8</name>
         <value>0x30cd</value>
         <object_component_ref idref="oc-38"/>
      </symbol>
      <symbol id="sm-52f">
         <name>__aeabi_memcpy4</name>
         <value>0x30cd</value>
         <object_component_ref idref="oc-38"/>
      </symbol>
      <symbol id="sm-558">
         <name>__TI_auto_init_nobinit_nopinit</name>
         <value>0x3221</value>
         <object_component_ref idref="oc-f8"/>
      </symbol>
      <symbol id="sm-562">
         <name>_system_pre_init</name>
         <value>0x330f</value>
         <object_component_ref idref="oc-92"/>
      </symbol>
      <symbol id="sm-564">
         <name>__TI_static_base__</name>
         <value>0x0</value>
      </symbol>
      <symbol id="sm-567">
         <name>UARTprintf</name>
         <value>0x0</value>
      </symbol>
      <symbol id="sm-568">
         <name>UARTStdioConfig</name>
         <value>0x0</value>
      </symbol>
      <symbol id="sm-569">
         <name>ROM_TimerIntClear</name>
         <value>0x0</value>
      </symbol>
      <symbol id="sm-56a">
         <name>ROM_SysCtlPeripheralEnable</name>
         <value>0x0</value>
      </symbol>
      <symbol id="sm-56b">
         <name>ROM_TimerConfigure</name>
         <value>0x0</value>
      </symbol>
      <symbol id="sm-56c">
         <name>ROM_TimerLoadSet64</name>
         <value>0x0</value>
      </symbol>
      <symbol id="sm-56d">
         <name>ROM_IntEnable</name>
         <value>0x0</value>
      </symbol>
      <symbol id="sm-56e">
         <name>ROM_TimerIntEnable</name>
         <value>0x0</value>
      </symbol>
      <symbol id="sm-56f">
         <name>ROM_TimerEnable</name>
         <value>0x0</value>
      </symbol>
      <symbol id="sm-570">
         <name>ROM_GPIOPinConfigure</name>
         <value>0x0</value>
      </symbol>
      <symbol id="sm-571">
         <name>ROM_GPIOPinTypeTimer</name>
         <value>0x0</value>
      </symbol>
      <symbol id="sm-572">
         <name>ROM_GPIOPinTypeGPIOInput</name>
         <value>0x0</value>
      </symbol>
      <symbol id="sm-573">
         <name>ROM_TimerDisable</name>
         <value>0x0</value>
      </symbol>
      <symbol id="sm-574">
         <name>ROM_TimerMatchSet</name>
         <value>0x0</value>
      </symbol>
      <symbol id="sm-575">
         <name>ROM_TimerLoadSet</name>
         <value>0x0</value>
      </symbol>
      <symbol id="sm-576">
         <name>__mpu_init</name>
         <value>0x0</value>
      </symbol>
      <symbol id="sm-577">
         <name>_system_post_cinit</name>
         <value>0x0</value>
      </symbol>
   </symbol_table>
   <title>Link errors: red sections failed placement</title>
</link_info>
