******************************************************************************
                  TI ARM Linker PC v18.1.1                     
******************************************************************************
>> Linked Sun May  6 10:40:08 2018

OUTPUT FILE NAME:   <CAN_slave.out>
ENTRY POINT SYMBOL: "_c_int00_noargs"  address: 000016e1


MEMORY CONFIGURATION

         name            origin    length      used     unused   attr    fill
----------------------  --------  ---------  --------  --------  ----  --------
  FLASH                 00000000   00040000  00001abe  0003e542  R  X
  SRAM                  20000000   00008000  00000488  00007b78  RW X


SEGMENT ALLOCATION MAP

run origin  load origin   length   init length attrs members
----------  ----------- ---------- ----------- ----- -------
00000000    00000000    00001ac0   00001ac0    r-x
  00000000    00000000    0000026c   0000026c    r-- .intvecs
  0000026c    0000026c    00001656   00001656    r-x .text
  000018c4    000018c4    000001bc   000001bc    r-- .const
  00001a80    00001a80    00000040   00000040    r-- .cinit
20000000    20000000    0000048c   00000000    rw-
  20000000    20000000    0000026c   00000000    rw- .vtable
  20000270    20000270    00000200   00000000    rw- .stack
  20000470    20000470    00000010   00000000    rw- .bss
  20000480    20000480    0000000c   00000000    rw- .data


SECTION ALLOCATION MAP

 output                                  attributes/
section   page    origin      length       input sections
--------  ----  ----------  ----------   ----------------
.intvecs   0    00000000    0000026c     
                  00000000    0000026c     tm4c123gh6pm_startup_ccs.obj (.intvecs)

.text      0    0000026c    00001656     
                  0000026c    000004dc     uartstdio.obj (.text)
                  00000748    0000042c     rgb.obj (.text)
                  00000b74    00000224     main.obj (.text)
                  00000d98    00000136     driverlib.lib : can.obj (.text:CANMessageSet)
                  00000ece    00000132                   : gpio.obj (.text:GPIOPadConfigSet)
                  00001000    00000110                   : sysctl.obj (.text:SysCtlClockGet)
                  00001110    0000010e                   : can.obj (.text:CANMessageGet)
                  0000121e    00000002     rtsv7M4_T_le_v4SPD16_eabi.lib : div0.asm.obj (.text)
                  00001220    000000f4     driverlib.lib : sysctl.obj (.text:SysCtlClockSet)
                  00001314    0000009c     rtsv7M4_T_le_v4SPD16_eabi.lib : memcpy_t2.asm.obj (.text)
                  000013b0    0000006c     driverlib.lib : can.obj (.text:CANBitRateSet)
                  0000141c    00000068                   : interrupt.obj (.text:IntEnable)
                  00001484    00000068     rtsv7M4_T_le_v4SPD16_eabi.lib : copy_decompress_lzss.c.obj (.text:decompress:lzss:__TI_decompress_lzss)
                  000014ec    0000005c     driverlib.lib : can.obj (.text:_CANIntNumberGet)
                  00001548    00000050     rtsv7M4_T_le_v4SPD16_eabi.lib : fs_toull_t2.asm.obj (.text)
                  00001598    00000048     driverlib.lib : gpio.obj (.text:GPIOPinConfigure)
                  000015e0    00000044     rtsv7M4_T_le_v4SPD16_eabi.lib : autoinit.c.obj (.text:__TI_auto_init_nobinit_nopinit:__TI_auto_init_nobinit_nopinit)
                  00001624    00000040     driverlib.lib : can.obj (.text:CANStatusGet)
                  00001664    00000040     rtsv7M4_T_le_v4SPD16_eabi.lib : u_divt2.asm.obj (.text)
                  000016a4    0000003a     driverlib.lib : can.obj (.text:CANInit)
                  000016de    00000002     --HOLE-- [fill = 0]
                  000016e0    00000038     rtsv7M4_T_le_v4SPD16_eabi.lib : boot_cortex_m.c.obj (.text:_c_int00_noargs:_c_int00_noargs)
                  00001718    00000034     driverlib.lib : interrupt.obj (.text:IntRegister)
                  0000174c    00000034                   : sysctl.obj (.text:SysCtlPeripheralEnable)
                  00001780    0000002a                   : gpio.obj (.text:GPIODirModeSet)
                  000017aa    0000002a                   : can.obj (.text:_CANDataRegRead)
                  000017d4    00000024                   : can.obj (.text:_CANDataRegWrite)
                  000017f8    00000022                   : can.obj (.text:CANIntClear)
                  0000181a    00000020                   : can.obj (.text:CANIntStatus)
                  0000183a    00000018                   : can.obj (.text:CANIntRegister)
                  00001852    00000012                   : gpio.obj (.text:GPIOPinTypeCAN)
                  00001864    00000012                   : gpio.obj (.text:GPIOPinTypeUART)
                  00001876    00000012     rtsv7M4_T_le_v4SPD16_eabi.lib : copy_zero_init.c.obj (.text:decompress:ZI:__TI_zero_init_nomemset:__TI_zero_init_nomemset)
                  00001888    0000000e                                   : copy_decompress_none.c.obj (.text:decompress:none:__TI_decompress_none)
                  00001896    0000000c     tm4c123gh6pm_startup_ccs.obj (.text)
                  000018a2    0000000a     driverlib.lib : can.obj (.text:CANEnable)
                  000018ac    00000008                   : can.obj (.text:CANIntEnable)
                  000018b4    00000006                   : sysctl.obj (.text:SysCtlDelay)
                  000018ba    00000004     rtsv7M4_T_le_v4SPD16_eabi.lib : pre_init.c.obj (.text:_system_pre_init)
                  000018be    00000004                                   : exit.c.obj (.text:abort:abort)

.const     0    000018c4    000001bc     
                  000018c4    00000090     driverlib.lib : gpio.obj (.const:g_pui32GPIOBaseAddrs)
                  00001954    00000070                   : interrupt.obj (.const)
                  000019c4    0000006c                   : sysctl.obj (.const:g_pui32Xtals)
                  00001a30    00000020                   : can.obj (.const)
                  00001a50    00000012     uartstdio.obj (.const:.string)
                  00001a62    00000002     --HOLE-- [fill = 0]
                  00001a64    0000000c     uartstdio.obj (.const:g_ui32UARTBase)
                  00001a70    0000000c     uartstdio.obj (.const:g_ui32UARTPeriph)
                  00001a7c    00000004     uartstdio.obj (.const)

.cinit     0    00001a80    00000040     
                  00001a80    0000000c     (__TI_handler_table)
                  00001a8c    0000000b     (.cinit..data.load) [load image, compression = lzss]
                  00001a97    00000001     --HOLE-- [fill = 0]
                  00001a98    00000008     (.cinit..bss.load) [load image, compression = zero_init]
                  00001aa0    00000008     (.cinit..vtable.load) [load image, compression = zero_init]
                  00001aa8    00000018     (__TI_cinit_table)

.init_array 
*          0    00000000    00000000     UNINITIALIZED

.vtable    0    20000000    0000026c     UNINITIALIZED
                  20000000    0000026c     driverlib.lib : interrupt.obj (.vtable)

.bss       0    20000470    00000010     UNINITIALIZED
                  20000470    0000000c     rgb.obj (.bss:g_ui32Colors)
                  2000047c    00000004     rgb.obj (.bss)

.data      0    20000480    0000000c     UNINITIALIZED
                  20000480    00000005     uartstdio.obj (.data)
                  20000485    00000002     main.obj (.data)
                  20000487    00000001     --HOLE--
                  20000488    00000004     rgb.obj (.data)

.stack     0    20000270    00000200     UNINITIALIZED
                  20000270    00000004     rtsv7M4_T_le_v4SPD16_eabi.lib : boot_cortex_m.c.obj (.stack)
                  20000274    000001fc     --HOLE--

MODULE SUMMARY

       Module                         code   ro data   rw data
       ------                         ----   -------   -------
    .\
       uartstdio.obj                  1244   46        5      
       rgb.obj                        1068   0         20     
       tm4c123gh6pm_startup_ccs.obj   12     620       0      
       main.obj                       548    0         2      
    +--+------------------------------+------+---------+---------+
       Total:                         2872   666       27     
                                                              
    C:/ti/TivaWare_C_Series-2.1.4.178/driverlib/ccs/Debug/driverlib.lib
       can.obj                        1088   32        0      
       interrupt.obj                  156    112       620    
       sysctl.obj                     574    108       0      
       gpio.obj                       456    144       0      
    +--+------------------------------+------+---------+---------+
       Total:                         2274   396       620    
                                                              
    C:\ti\ccsv8\tools\compiler\ti-cgt-arm_18.1.1.LTS\lib\rtsv7M4_T_le_v4SPD16_eabi.lib
       memcpy_t2.asm.obj              156    0         0      
       copy_decompress_lzss.c.obj     104    0         0      
       fs_toull_t2.asm.obj            80     0         0      
       autoinit.c.obj                 68     0         0      
       u_divt2.asm.obj                64     0         0      
       boot_cortex_m.c.obj            56     0         0      
       copy_zero_init.c.obj           18     0         0      
       copy_decompress_none.c.obj     14     0         0      
       exit.c.obj                     4      0         0      
       pre_init.c.obj                 4      0         0      
       div0.asm.obj                   2      0         0      
    +--+------------------------------+------+---------+---------+
       Total:                         570    0         0      
                                                              
       Stack:                         0      0         512    
       Linker Generated:              0      63        0      
    +--+------------------------------+------+---------+---------+
       Grand Total:                   5716   1125      1159   


LINKER GENERATED COPY TABLES

__TI_cinit_table @ 00001aa8 records: 3, size/record: 8, table size: 24
	.data: load addr=00001a8c, load size=0000000b bytes, run addr=20000480, run size=0000000c bytes, compression=lzss
	.bss: load addr=00001a98, load size=00000008 bytes, run addr=20000470, run size=00000010 bytes, compression=zero_init
	.vtable: load addr=00001aa0, load size=00000008 bytes, run addr=20000000, run size=0000026c bytes, compression=zero_init


LINKER GENERATED HANDLER TABLE

__TI_handler_table @ 00001a80 records: 3, size/record: 4, table size: 12
	index: 0, handler: __TI_zero_init
	index: 1, handler: __TI_decompress_lzss
	index: 2, handler: __TI_decompress_none


GLOBAL SYMBOLS: SORTED ALPHABETICALLY BY Name 

address   name                          
-------   ----                          
000018bf  C$$EXIT                       
000013b1  CANBitRateSet                 
000018a3  CANEnable                     
000016a5  CANInit                       
000017f9  CANIntClear                   
000018ad  CANIntEnable                  
00000b75  CANIntHandler                 
0000183b  CANIntRegister                
0000181b  CANIntStatus                  
00001111  CANMessageGet                 
00000d99  CANMessageSet                 
00001625  CANStatusGet                  
00001781  GPIODirModeSet                
00000ecf  GPIOPadConfigSet              
00001599  GPIOPinConfigure              
00001853  GPIOPinTypeCAN                
00001865  GPIOPinTypeUART               
0000141d  IntEnable                     
00001719  IntRegister                   
00000749  RGBBlinkIntHandler            
00000a5d  RGBBlinkRateSet               
00000ae9  RGBColorGet                   
0000099f  RGBColorSet                   
00000929  RGBDisable                    
00000871  RGBEnable                     
00000777  RGBInit                       
00000a49  RGBIntensitySet               
00000987  RGBSet                        
00001897  ResetISR                      
00001001  SysCtlClockGet                
00001221  SysCtlClockSet                
000018b5  SysCtlDelay                   
0000174d  SysCtlPeripheralEnable        
0000026d  UARTStdioConfig               
000003e5  UARTgetc                      
0000031f  UARTgets                      
00000713  UARTprintf                    
00000419  UARTvprintf                   
000002cd  UARTwrite                     
20000470  __STACK_END                   
00000200  __STACK_SIZE                  
20000470  __STACK_TOP                   
00001aa8  __TI_CINIT_Base               
00001ac0  __TI_CINIT_Limit              
00001a80  __TI_Handler_Table_Base       
00001a8c  __TI_Handler_Table_Limit      
000015e1  __TI_auto_init_nobinit_nopinit
00001485  __TI_decompress_lzss          
00001889  __TI_decompress_none          
ffffffff  __TI_pprof_out_hndl           
ffffffff  __TI_prof_data_size           
ffffffff  __TI_prof_data_start          
00000000  __TI_static_base__            
00001877  __TI_zero_init_nomemset       
00001549  __aeabi_f2ulz                 
0000121f  __aeabi_idiv0                 
0000121f  __aeabi_ldiv0                 
00001315  __aeabi_memcpy                
00001315  __aeabi_memcpy4               
00001315  __aeabi_memcpy8               
00001665  __aeabi_uidiv                 
00001665  __aeabi_uidivmod              
ffffffff  __binit__                     
ffffffff  __c_args__                    
UNDEFED   __mpu_init                    
20000270  __stack                       
000016e1  _c_int00_noargs               
UNDEFED   _system_post_cinit            
000018bb  _system_pre_init              
000018bf  abort                         
ffffffff  binit                         
20000486  errFlag                       
20000000  g_pfnRAMVectors               
00000000  g_pfnVectors                  
00000bbf  main                          
00001315  memcpy                        
20000485  rxFlag                        


GLOBAL SYMBOLS: SORTED BY Symbol Address 

address   name                          
-------   ----                          
00000000  __TI_static_base__            
00000000  g_pfnVectors                  
00000200  __STACK_SIZE                  
0000026d  UARTStdioConfig               
000002cd  UARTwrite                     
0000031f  UARTgets                      
000003e5  UARTgetc                      
00000419  UARTvprintf                   
00000713  UARTprintf                    
00000749  RGBBlinkIntHandler            
00000777  RGBInit                       
00000871  RGBEnable                     
00000929  RGBDisable                    
00000987  RGBSet                        
0000099f  RGBColorSet                   
00000a49  RGBIntensitySet               
00000a5d  RGBBlinkRateSet               
00000ae9  RGBColorGet                   
00000b75  CANIntHandler                 
00000bbf  main                          
00000d99  CANMessageSet                 
00000ecf  GPIOPadConfigSet              
00001001  SysCtlClockGet                
00001111  CANMessageGet                 
0000121f  __aeabi_idiv0                 
0000121f  __aeabi_ldiv0                 
00001221  SysCtlClockSet                
00001315  __aeabi_memcpy                
00001315  __aeabi_memcpy4               
00001315  __aeabi_memcpy8               
00001315  memcpy                        
000013b1  CANBitRateSet                 
0000141d  IntEnable                     
00001485  __TI_decompress_lzss          
00001549  __aeabi_f2ulz                 
00001599  GPIOPinConfigure              
000015e1  __TI_auto_init_nobinit_nopinit
00001625  CANStatusGet                  
00001665  __aeabi_uidiv                 
00001665  __aeabi_uidivmod              
000016a5  CANInit                       
000016e1  _c_int00_noargs               
00001719  IntRegister                   
0000174d  SysCtlPeripheralEnable        
00001781  GPIODirModeSet                
000017f9  CANIntClear                   
0000181b  CANIntStatus                  
0000183b  CANIntRegister                
00001853  GPIOPinTypeCAN                
00001865  GPIOPinTypeUART               
00001877  __TI_zero_init_nomemset       
00001889  __TI_decompress_none          
00001897  ResetISR                      
000018a3  CANEnable                     
000018ad  CANIntEnable                  
000018b5  SysCtlDelay                   
000018bb  _system_pre_init              
000018bf  C$$EXIT                       
000018bf  abort                         
00001a80  __TI_Handler_Table_Base       
00001a8c  __TI_Handler_Table_Limit      
00001aa8  __TI_CINIT_Base               
00001ac0  __TI_CINIT_Limit              
20000000  g_pfnRAMVectors               
20000270  __stack                       
20000470  __STACK_END                   
20000470  __STACK_TOP                   
20000485  rxFlag                        
20000486  errFlag                       
ffffffff  __TI_pprof_out_hndl           
ffffffff  __TI_prof_data_size           
ffffffff  __TI_prof_data_start          
ffffffff  __binit__                     
ffffffff  __c_args__                    
ffffffff  binit                         
UNDEFED   __mpu_init                    
UNDEFED   _system_post_cinit            

[77 symbols]
