******************************************************************************
                  TI ARM Linker PC v18.1.1                     
******************************************************************************
>> Linked Sat May  5 15:49:06 2018

OUTPUT FILE NAME:   <CAN_slave.out>
ENTRY POINT SYMBOL: "_c_int00_noargs"  address: 000016ed


MEMORY CONFIGURATION

         name            origin    length      used     unused   attr    fill
----------------------  --------  ---------  --------  --------  ----  --------
  FLASH                 00000000   00040000  00001aca  0003e536  R  X
  SRAM                  20000000   00008000  00000488  00007b78  RW X


SEGMENT ALLOCATION MAP

run origin  load origin   length   init length attrs members
----------  ----------- ---------- ----------- ----- -------
00000000    00000000    00001ad0   00001ad0    r-x
  00000000    00000000    0000026c   0000026c    r-- .intvecs
  0000026c    0000026c    00001662   00001662    r-x .text
  000018d0    000018d0    000001bc   000001bc    r-- .const
  00001a90    00001a90    00000040   00000040    r-- .cinit
20000000    20000000    0000048c   00000000    rw-
  20000000    20000000    0000026c   00000000    rw- .vtable
  20000270    20000270    00000200   00000000    rw- .stack
  20000470    20000470    00000010   00000000    rw- .bss
  20000480    20000480    0000000c   00000000    rw- .data


SECTION ALLOCATION MAP

 output                                  attributes/
section   page    origin      length       input sections
--------  ----  ----------  ----------   ----------------
.intvecs   0    00000000    0000026c     
                  00000000    0000026c     tm4c123gh6pm_startup_ccs.obj (.intvecs)

.text      0    0000026c    00001662     
                  0000026c    000004dc     uartstdio.obj (.text)
                  00000748    0000042c     rgb.obj (.text)
                  00000b74    00000230     main.obj (.text)
                  00000da4    00000136     driverlib.lib : can.obj (.text:CANMessageSet)
                  00000eda    00000132                   : gpio.obj (.text:GPIOPadConfigSet)
                  0000100c    00000110                   : sysctl.obj (.text:SysCtlClockGet)
                  0000111c    0000010e                   : can.obj (.text:CANMessageGet)
                  0000122a    00000002     rtsv7M4_T_le_v4SPD16_eabi.lib : div0.asm.obj (.text)
                  0000122c    000000f4     driverlib.lib : sysctl.obj (.text:SysCtlClockSet)
                  00001320    0000009c     rtsv7M4_T_le_v4SPD16_eabi.lib : memcpy_t2.asm.obj (.text)
                  000013bc    0000006c     driverlib.lib : can.obj (.text:CANBitRateSet)
                  00001428    00000068                   : interrupt.obj (.text:IntEnable)
                  00001490    00000068     rtsv7M4_T_le_v4SPD16_eabi.lib : copy_decompress_lzss.c.obj (.text:decompress:lzss:__TI_decompress_lzss)
                  000014f8    0000005c     driverlib.lib : can.obj (.text:_CANIntNumberGet)
                  00001554    00000050     rtsv7M4_T_le_v4SPD16_eabi.lib : fs_toull_t2.asm.obj (.text)
                  000015a4    00000048     driverlib.lib : gpio.obj (.text:GPIOPinConfigure)
                  000015ec    00000044     rtsv7M4_T_le_v4SPD16_eabi.lib : autoinit.c.obj (.text:__TI_auto_init_nobinit_nopinit:__TI_auto_init_nobinit_nopinit)
                  00001630    00000040     driverlib.lib : can.obj (.text:CANStatusGet)
                  00001670    00000040     rtsv7M4_T_le_v4SPD16_eabi.lib : u_divt2.asm.obj (.text)
                  000016b0    0000003a     driverlib.lib : can.obj (.text:CANInit)
                  000016ea    00000002     --HOLE-- [fill = 0]
                  000016ec    00000038     rtsv7M4_T_le_v4SPD16_eabi.lib : boot_cortex_m.c.obj (.text:_c_int00_noargs:_c_int00_noargs)
                  00001724    00000034     driverlib.lib : interrupt.obj (.text:IntRegister)
                  00001758    00000034                   : sysctl.obj (.text:SysCtlPeripheralEnable)
                  0000178c    0000002a                   : gpio.obj (.text:GPIODirModeSet)
                  000017b6    0000002a                   : can.obj (.text:_CANDataRegRead)
                  000017e0    00000024                   : can.obj (.text:_CANDataRegWrite)
                  00001804    00000022                   : can.obj (.text:CANIntClear)
                  00001826    00000020                   : can.obj (.text:CANIntStatus)
                  00001846    00000018                   : can.obj (.text:CANIntRegister)
                  0000185e    00000012                   : gpio.obj (.text:GPIOPinTypeCAN)
                  00001870    00000012                   : gpio.obj (.text:GPIOPinTypeUART)
                  00001882    00000012     rtsv7M4_T_le_v4SPD16_eabi.lib : copy_zero_init.c.obj (.text:decompress:ZI:__TI_zero_init_nomemset:__TI_zero_init_nomemset)
                  00001894    0000000e                                   : copy_decompress_none.c.obj (.text:decompress:none:__TI_decompress_none)
                  000018a2    0000000c     tm4c123gh6pm_startup_ccs.obj (.text)
                  000018ae    0000000a     driverlib.lib : can.obj (.text:CANEnable)
                  000018b8    00000008                   : can.obj (.text:CANIntEnable)
                  000018c0    00000006                   : sysctl.obj (.text:SysCtlDelay)
                  000018c6    00000004     rtsv7M4_T_le_v4SPD16_eabi.lib : pre_init.c.obj (.text:_system_pre_init)
                  000018ca    00000004                                   : exit.c.obj (.text:abort:abort)

.const     0    000018d0    000001bc     
                  000018d0    00000090     driverlib.lib : gpio.obj (.const:g_pui32GPIOBaseAddrs)
                  00001960    00000070                   : interrupt.obj (.const)
                  000019d0    0000006c                   : sysctl.obj (.const:g_pui32Xtals)
                  00001a3c    00000020                   : can.obj (.const)
                  00001a5c    00000012     uartstdio.obj (.const:.string)
                  00001a6e    00000002     --HOLE-- [fill = 0]
                  00001a70    0000000c     uartstdio.obj (.const:g_ui32UARTBase)
                  00001a7c    0000000c     uartstdio.obj (.const:g_ui32UARTPeriph)
                  00001a88    00000004     uartstdio.obj (.const)

.cinit     0    00001a90    00000040     
                  00001a90    0000000c     (__TI_handler_table)
                  00001a9c    0000000b     (.cinit..data.load) [load image, compression = lzss]
                  00001aa7    00000001     --HOLE-- [fill = 0]
                  00001aa8    00000008     (.cinit..bss.load) [load image, compression = zero_init]
                  00001ab0    00000008     (.cinit..vtable.load) [load image, compression = zero_init]
                  00001ab8    00000018     (__TI_cinit_table)

.init_array 
*          0    00000000    00000000     UNINITIALIZED

.vtable    0    20000000    0000026c     UNINITIALIZED
                  20000000    0000026c     driverlib.lib : interrupt.obj (.vtable)

.bss       0    20000470    00000010     UNINITIALIZED
                  20000470    0000000c     rgb.obj (.bss:g_ui32Colors)
                  2000047c    00000004     rgb.obj (.bss)

.data      0    20000480    0000000c     UNINITIALIZED
                  20000480    00000005     uartstdio.obj (.data)
                  20000485    00000002     main.obj (.data)
                  20000487    00000001     --HOLE--
                  20000488    00000004     rgb.obj (.data)

.stack     0    20000270    00000200     UNINITIALIZED
                  20000270    00000004     rtsv7M4_T_le_v4SPD16_eabi.lib : boot_cortex_m.c.obj (.stack)
                  20000274    000001fc     --HOLE--

MODULE SUMMARY

       Module                         code   ro data   rw data
       ------                         ----   -------   -------
    .\
       uartstdio.obj                  1244   46        5      
       rgb.obj                        1068   0         20     
       tm4c123gh6pm_startup_ccs.obj   12     620       0      
       main.obj                       560    0         2      
    +--+------------------------------+------+---------+---------+
       Total:                         2884   666       27     
                                                              
    C:/ti/TivaWare_C_Series-2.1.4.178/driverlib/ccs/Debug/driverlib.lib
       can.obj                        1088   32        0      
       interrupt.obj                  156    112       620    
       sysctl.obj                     574    108       0      
       gpio.obj                       456    144       0      
    +--+------------------------------+------+---------+---------+
       Total:                         2274   396       620    
                                                              
    C:\ti\ccsv8\tools\compiler\ti-cgt-arm_18.1.1.LTS\lib\rtsv7M4_T_le_v4SPD16_eabi.lib
       memcpy_t2.asm.obj              156    0         0      
       copy_decompress_lzss.c.obj     104    0         0      
       fs_toull_t2.asm.obj            80     0         0      
       autoinit.c.obj                 68     0         0      
       u_divt2.asm.obj                64     0         0      
       boot_cortex_m.c.obj            56     0         0      
       copy_zero_init.c.obj           18     0         0      
       copy_decompress_none.c.obj     14     0         0      
       exit.c.obj                     4      0         0      
       pre_init.c.obj                 4      0         0      
       div0.asm.obj                   2      0         0      
    +--+------------------------------+------+---------+---------+
       Total:                         570    0         0      
                                                              
       Stack:                         0      0         512    
       Linker Generated:              0      63        0      
    +--+------------------------------+------+---------+---------+
       Grand Total:                   5728   1125      1159   


LINKER GENERATED COPY TABLES

__TI_cinit_table @ 00001ab8 records: 3, size/record: 8, table size: 24
	.data: load addr=00001a9c, load size=0000000b bytes, run addr=20000480, run size=0000000c bytes, compression=lzss
	.bss: load addr=00001aa8, load size=00000008 bytes, run addr=20000470, run size=00000010 bytes, compression=zero_init
	.vtable: load addr=00001ab0, load size=00000008 bytes, run addr=20000000, run size=0000026c bytes, compression=zero_init


LINKER GENERATED HANDLER TABLE

__TI_handler_table @ 00001a90 records: 3, size/record: 4, table size: 12
	index: 0, handler: __TI_zero_init
	index: 1, handler: __TI_decompress_lzss
	index: 2, handler: __TI_decompress_none


GLOBAL SYMBOLS: SORTED ALPHABETICALLY BY Name 

address   name                          
-------   ----                          
000018cb  C$$EXIT                       
000013bd  CANBitRateSet                 
000018af  CANEnable                     
000016b1  CANInit                       
00001805  CANIntClear                   
000018b9  CANIntEnable                  
00000b75  CANIntHandler                 
00001847  CANIntRegister                
00001827  CANIntStatus                  
0000111d  CANMessageGet                 
00000da5  CANMessageSet                 
00001631  CANStatusGet                  
0000178d  GPIODirModeSet                
00000edb  GPIOPadConfigSet              
000015a5  GPIOPinConfigure              
0000185f  GPIOPinTypeCAN                
00001871  GPIOPinTypeUART               
00001429  IntEnable                     
00001725  IntRegister                   
00000749  RGBBlinkIntHandler            
00000a5d  RGBBlinkRateSet               
00000ae9  RGBColorGet                   
0000099f  RGBColorSet                   
00000929  RGBDisable                    
00000871  RGBEnable                     
00000777  RGBInit                       
00000a49  RGBIntensitySet               
00000987  RGBSet                        
000018a3  ResetISR                      
0000100d  SysCtlClockGet                
0000122d  SysCtlClockSet                
000018c1  SysCtlDelay                   
00001759  SysCtlPeripheralEnable        
0000026d  UARTStdioConfig               
000003e5  UARTgetc                      
0000031f  UARTgets                      
00000713  UARTprintf                    
00000419  UARTvprintf                   
000002cd  UARTwrite                     
20000470  __STACK_END                   
00000200  __STACK_SIZE                  
20000470  __STACK_TOP                   
00001ab8  __TI_CINIT_Base               
00001ad0  __TI_CINIT_Limit              
00001a90  __TI_Handler_Table_Base       
00001a9c  __TI_Handler_Table_Limit      
000015ed  __TI_auto_init_nobinit_nopinit
00001491  __TI_decompress_lzss          
00001895  __TI_decompress_none          
ffffffff  __TI_pprof_out_hndl           
ffffffff  __TI_prof_data_size           
ffffffff  __TI_prof_data_start          
00000000  __TI_static_base__            
00001883  __TI_zero_init_nomemset       
00001555  __aeabi_f2ulz                 
0000122b  __aeabi_idiv0                 
0000122b  __aeabi_ldiv0                 
00001321  __aeabi_memcpy                
00001321  __aeabi_memcpy4               
00001321  __aeabi_memcpy8               
00001671  __aeabi_uidiv                 
00001671  __aeabi_uidivmod              
ffffffff  __binit__                     
ffffffff  __c_args__                    
UNDEFED   __mpu_init                    
20000270  __stack                       
000016ed  _c_int00_noargs               
UNDEFED   _system_post_cinit            
000018c7  _system_pre_init              
000018cb  abort                         
ffffffff  binit                         
20000486  errFlag                       
20000000  g_pfnRAMVectors               
00000000  g_pfnVectors                  
00000bbf  main                          
00001321  memcpy                        
20000485  rxFlag                        


GLOBAL SYMBOLS: SORTED BY Symbol Address 

address   name                          
-------   ----                          
00000000  __TI_static_base__            
00000000  g_pfnVectors                  
00000200  __STACK_SIZE                  
0000026d  UARTStdioConfig               
000002cd  UARTwrite                     
0000031f  UARTgets                      
000003e5  UARTgetc                      
00000419  UARTvprintf                   
00000713  UARTprintf                    
00000749  RGBBlinkIntHandler            
00000777  RGBInit                       
00000871  RGBEnable                     
00000929  RGBDisable                    
00000987  RGBSet                        
0000099f  RGBColorSet                   
00000a49  RGBIntensitySet               
00000a5d  RGBBlinkRateSet               
00000ae9  RGBColorGet                   
00000b75  CANIntHandler                 
00000bbf  main                          
00000da5  CANMessageSet                 
00000edb  GPIOPadConfigSet              
0000100d  SysCtlClockGet                
0000111d  CANMessageGet                 
0000122b  __aeabi_idiv0                 
0000122b  __aeabi_ldiv0                 
0000122d  SysCtlClockSet                
00001321  __aeabi_memcpy                
00001321  __aeabi_memcpy4               
00001321  __aeabi_memcpy8               
00001321  memcpy                        
000013bd  CANBitRateSet                 
00001429  IntEnable                     
00001491  __TI_decompress_lzss          
00001555  __aeabi_f2ulz                 
000015a5  GPIOPinConfigure              
000015ed  __TI_auto_init_nobinit_nopinit
00001631  CANStatusGet                  
00001671  __aeabi_uidiv                 
00001671  __aeabi_uidivmod              
000016b1  CANInit                       
000016ed  _c_int00_noargs               
00001725  IntRegister                   
00001759  SysCtlPeripheralEnable        
0000178d  GPIODirModeSet                
00001805  CANIntClear                   
00001827  CANIntStatus                  
00001847  CANIntRegister                
0000185f  GPIOPinTypeCAN                
00001871  GPIOPinTypeUART               
00001883  __TI_zero_init_nomemset       
00001895  __TI_decompress_none          
000018a3  ResetISR                      
000018af  CANEnable                     
000018b9  CANIntEnable                  
000018c1  SysCtlDelay                   
000018c7  _system_pre_init              
000018cb  C$$EXIT                       
000018cb  abort                         
00001a90  __TI_Handler_Table_Base       
00001a9c  __TI_Handler_Table_Limit      
00001ab8  __TI_CINIT_Base               
00001ad0  __TI_CINIT_Limit              
20000000  g_pfnRAMVectors               
20000270  __stack                       
20000470  __STACK_END                   
20000470  __STACK_TOP                   
20000485  rxFlag                        
20000486  errFlag                       
ffffffff  __TI_pprof_out_hndl           
ffffffff  __TI_prof_data_size           
ffffffff  __TI_prof_data_start          
ffffffff  __binit__                     
ffffffff  __c_args__                    
ffffffff  binit                         
UNDEFED   __mpu_init                    
UNDEFED   _system_post_cinit            

[77 symbols]
