******************************************************************************
                  TI ARM Linker PC v18.1.1                     
******************************************************************************
>> Linked Sat May  5 10:27:05 2018

OUTPUT FILE NAME:   <CAN_slave.out>
ENTRY POINT SYMBOL: "_c_int00_noargs"  address: 000032a5


MEMORY CONFIGURATION

         name            origin    length      used     unused   attr    fill
----------------------  --------  ---------  --------  --------  ----  --------
  FLASH                 00000000   00040000  000038fe  0003c702  R  X
  SRAM                  20000000   00008000  00000482  00007b7e  RW X


SEGMENT ALLOCATION MAP

run origin  load origin   length   init length attrs members
----------  ----------- ---------- ----------- ----- -------
00000000    00000000    00003900   00003900    r-x
  00000000    00000000    0000026c   0000026c    r-- .intvecs
  0000026c    0000026c    000030aa   000030aa    r-x .text
  00003318    00003318    000005a8   000005a8    r-- .const
  000038c0    000038c0    00000040   00000040    r-- .cinit
20000000    20000000    00000486   00000000    rw-
  20000000    20000000    0000026c   00000000    rw- .vtable
  20000270    20000270    00000200   00000000    rw- .stack
  20000470    20000470    00000010   00000000    rw- .bss
  20000480    20000480    00000006   00000000    rw- .data


SECTION ALLOCATION MAP

 output                                  attributes/
section   page    origin      length       input sections
--------  ----  ----------  ----------   ----------------
.intvecs   0    00000000    0000026c     
                  00000000    0000026c     tm4c123gh6pm_startup_ccs.obj (.intvecs)

.text      0    0000026c    000030aa     
                  0000026c    00000f80     sysctl.obj (.text)
                  000011ec    00000b94     gpio.obj (.text)
                  00001d80    00000a28     can.obj (.text)
                  000027a8    000003c0     interrupt.obj (.text)
                  00002b68    00000340     rgb.obj (.text)
                  00002ea8    00000224     main.obj (.text)
                  000030cc    0000009c     rtsv7M4_T_le_v4SPD16_eabi.lib : memcpy_t2.asm.obj (.text)
                  00003168    00000068                                   : copy_decompress_lzss.c.obj (.text:decompress:lzss:__TI_decompress_lzss)
                  000031d0    00000050                                   : fs_toull_t2.asm.obj (.text)
                  00003220    00000044                                   : autoinit.c.obj (.text:__TI_auto_init_nobinit_nopinit:__TI_auto_init_nobinit_nopinit)
                  00003264    0000003e     cpu.obj (.text)
                  000032a2    00000002     --HOLE-- [fill = 0]
                  000032a4    00000038     rtsv7M4_T_le_v4SPD16_eabi.lib : boot_cortex_m.c.obj (.text:_c_int00_noargs:_c_int00_noargs)
                  000032dc    00000012                                   : copy_zero_init.c.obj (.text:decompress:ZI:__TI_zero_init_nomemset:__TI_zero_init_nomemset)
                  000032ee    0000000e                                   : copy_decompress_none.c.obj (.text:decompress:none:__TI_decompress_none)
                  000032fc    0000000c     tm4c123gh6pm_startup_ccs.obj (.text)
                  00003308    00000006     sysctl.obj (.text:SysCtlDelay)
                  0000330e    00000004     rtsv7M4_T_le_v4SPD16_eabi.lib : pre_init.c.obj (.text:_system_pre_init)
                  00003312    00000004                                   : exit.c.obj (.text:abort:abort)

.const     0    00003318    000005a8     
                  00003318    000001b0     sysctl.obj (.const:g_pppui32XTALtoVCO)
                  000034c8    000000d8     gpio.obj (.const:g_ppui32GPIOIntMapSnowflake)
                  000035a0    000000c0     gpio.obj (.const:g_ppui32GPIOIntMapBlizzard)
                  00003660    0000009c     interrupt.obj (.const:g_pui32Regs)
                  000036fc    00000090     gpio.obj (.const:g_pui32GPIOBaseAddrs)
                  0000378c    0000006c     sysctl.obj (.const:g_pui32Xtals)
                  000037f8    00000030     sysctl.obj (.const:g_sXTALtoMEMTIM)
                  00003828    00000020     interrupt.obj (.const:g_pui32Priority)
                  00003848    00000020     can.obj (.const:g_ui16CANBitValues)
                  00003868    00000014     interrupt.obj (.const:g_pui32Dii16Regs)
                  0000387c    00000014     interrupt.obj (.const:g_pui32EnRegs)
                  00003890    00000014     interrupt.obj (.const:g_pui32PendRegs)
                  000038a4    00000014     interrupt.obj (.const:g_pui32UnpendRegs)
                  000038b8    00000008     sysctl.obj (.const:g_pui32VCOFrequencies)

.cinit     0    000038c0    00000040     
                  000038c0    0000000c     (__TI_handler_table)
                  000038cc    0000000a     (.cinit..data.load) [load image, compression = lzss]
                  000038d6    00000002     --HOLE-- [fill = 0]
                  000038d8    00000008     (.cinit..bss.load) [load image, compression = zero_init]
                  000038e0    00000008     (.cinit..vtable.load) [load image, compression = zero_init]
                  000038e8    00000018     (__TI_cinit_table)

.init_array 
*          0    00000000    00000000     UNINITIALIZED

.vtable    0    20000000    0000026c     UNINITIALIZED
                  20000000    0000026c     interrupt.obj (.vtable)

.bss       0    20000470    00000010     UNINITIALIZED
                  20000470    0000000c     rgb.obj (.bss:g_ui32Colors)
                  2000047c    00000004     rgb.obj (.bss)

.data      0    20000480    00000006     UNINITIALIZED
                  20000480    00000004     rgb.obj (.data)
                  20000484    00000002     main.obj (.data)

.stack     0    20000270    00000200     UNINITIALIZED
                  20000270    00000004     rtsv7M4_T_le_v4SPD16_eabi.lib : boot_cortex_m.c.obj (.stack)
                  20000274    000001fc     --HOLE--

MODULE SUMMARY

       Module                         code    ro data   rw data
       ------                         ----    -------   -------
    .\
       rgb.obj                        832     0         20     
       tm4c123gh6pm_startup_ccs.obj   12      620       0      
       main.obj                       548     0         2      
    +--+------------------------------+-------+---------+---------+
       Total:                         1392    620       22     
                                                               
    .\driverlib\
       sysctl.obj                     3974    596       0      
       gpio.obj                       2964    552       0      
       can.obj                        2600    32        0      
       interrupt.obj                  960     268       620    
       cpu.obj                        62      0         0      
    +--+------------------------------+-------+---------+---------+
       Total:                         10560   1448      620    
                                                               
    C:\ti\ccsv8\tools\compiler\ti-cgt-arm_18.1.1.LTS\lib\rtsv7M4_T_le_v4SPD16_eabi.lib
       memcpy_t2.asm.obj              156     0         0      
       copy_decompress_lzss.c.obj     104     0         0      
       fs_toull_t2.asm.obj            80      0         0      
       autoinit.c.obj                 68      0         0      
       boot_cortex_m.c.obj            56      0         0      
       copy_zero_init.c.obj           18      0         0      
       copy_decompress_none.c.obj     14      0         0      
       exit.c.obj                     4       0         0      
       pre_init.c.obj                 4       0         0      
    +--+------------------------------+-------+---------+---------+
       Total:                         504     0         0      
                                                               
       Stack:                         0       0         512    
       Linker Generated:              0       62        0      
    +--+------------------------------+-------+---------+---------+
       Grand Total:                   12456   2130      1154   


LINKER GENERATED COPY TABLES

__TI_cinit_table @ 000038e8 records: 3, size/record: 8, table size: 24
	.data: load addr=000038cc, load size=0000000a bytes, run addr=20000480, run size=00000006 bytes, compression=lzss
	.bss: load addr=000038d8, load size=00000008 bytes, run addr=20000470, run size=00000010 bytes, compression=zero_init
	.vtable: load addr=000038e0, load size=00000008 bytes, run addr=20000000, run size=0000026c bytes, compression=zero_init


LINKER GENERATED HANDLER TABLE

__TI_handler_table @ 000038c0 records: 3, size/record: 4, table size: 12
	index: 0, handler: __TI_zero_init
	index: 1, handler: __TI_decompress_lzss
	index: 2, handler: __TI_decompress_none


GLOBAL SYMBOLS: SORTED ALPHABETICALLY BY Name 

address   name                            
-------   ----                            
00003313  C$$EXIT                         
00001f91  CANBitRateSet                   
00001f29  CANBitTimingGet                 
0000205d  CANBitTimingSet                 
00001f15  CANDisable                      
00001f01  CANEnable                       
000022a7  CANErrCntrGet                   
00001e85  CANInit                         
00002199  CANIntClear                     
00002139  CANIntDisable                   
00002123  CANIntEnable                    
00002ea9  CANIntHandler                   
000020eb  CANIntRegister                  
0000214f  CANIntStatus                    
00002109  CANIntUnregister                
00002779  CANMessageClear                 
0000256f  CANMessageGet                   
000022dd  CANMessageSet                   
00002205  CANRetryGet                     
000021d3  CANRetrySet                     
00002221  CANStatusGet                    
00003299  CPUbasepriGet                   
0000328b  CPUbasepriSet                   
00003265  CPUcpsid                        
0000327b  CPUcpsie                        
00003271  CPUprimask                      
00003287  CPUwfi                          
00001d59  GPIOADCTriggerDisable           
00001d3b  GPIOADCTriggerEnable            
00001d1d  GPIODMATriggerDisable           
00001cff  GPIODMATriggerEnable            
000012a7  GPIODirModeGet                  
0000124b  GPIODirModeSet                  
0000180f  GPIOIntClear                    
000017d3  GPIOIntDisable                  
000017b9  GPIOIntEnable                   
00001823  GPIOIntRegister                 
0000185b  GPIOIntRegisterPin              
000017ed  GPIOIntStatus                   
00001397  GPIOIntTypeGet                  
000012f3  GPIOIntTypeSet                  
00001841  GPIOIntUnregister               
00001889  GPIOIntUnregisterPin            
00001667  GPIOPadConfigGet                
0000142d  GPIOPadConfigSet                
00001ca1  GPIOPinConfigure                
000018ad  GPIOPinRead                     
000018e5  GPIOPinTypeADC                  
00001909  GPIOPinTypeCAN                  
0000192d  GPIOPinTypeComparator           
00001951  GPIOPinTypeComparatorOutput     
00001975  GPIOPinTypeDIVSCLK              
00001999  GPIOPinTypeEPI                  
000019bd  GPIOPinTypeEthernetLED          
000019e1  GPIOPinTypeEthernetMII          
00001a05  GPIOPinTypeGPIOInput            
00001a29  GPIOPinTypeGPIOOutput           
00001a4d  GPIOPinTypeGPIOOutputOD         
00001a71  GPIOPinTypeHibernateRTCCLK      
00001a95  GPIOPinTypeI2C                  
00001ab9  GPIOPinTypeI2CSCL               
00001add  GPIOPinTypeLCD                  
00001b01  GPIOPinTypeOneWire              
00001b25  GPIOPinTypePWM                  
00001b49  GPIOPinTypeQEI                  
00001b6d  GPIOPinTypeSSI                  
00001b91  GPIOPinTypeTimer                
00001bb5  GPIOPinTypeTrace                
00001bd9  GPIOPinTypeUART                 
00001bfd  GPIOPinTypeUSBAnalog            
00001c21  GPIOPinTypeUSBDigital           
00001c45  GPIOPinTypeWakeHigh             
00001c6b  GPIOPinTypeWakeLow              
00001c91  GPIOPinWakeStatus               
000018c5  GPIOPinWrite                    
00002969  IntDisable                      
000028f7  IntEnable                       
000029db  IntIsEnabled                    
000027bb  IntMasterDisable                
000027ab  IntMasterEnable                 
00002ad1  IntPendClear                    
00002a61  IntPendSet                      
000028d3  IntPriorityGet                  
0000284b  IntPriorityGroupingGet          
00002831  IntPriorityGroupingSet          
00002b2b  IntPriorityMaskGet              
00002b1f  IntPriorityMaskSet              
00002883  IntPrioritySet                  
000027cb  IntRegister                     
00002b33  IntTrigger                      
0000281d  IntUnregister                   
00002b69  RGBBlinkIntHandler              
00002db7  RGBBlinkRateSet                 
00002e1d  RGBColorGet                     
00002d0b  RGBColorSet                     
00002cb9  RGBDisable                      
00002c49  RGBEnable                       
00002b91  RGBInit                         
00002da3  RGBIntensitySet                 
00002cf3  RGBSet                          
UNDEFED   ROM_GPIOPinConfigure            
UNDEFED   ROM_GPIOPinTypeGPIOInput        
UNDEFED   ROM_GPIOPinTypeTimer            
UNDEFED   ROM_IntEnable                   
UNDEFED   ROM_SysCtlPeripheralEnable      
UNDEFED   ROM_TimerConfigure              
UNDEFED   ROM_TimerDisable                
UNDEFED   ROM_TimerEnable                 
UNDEFED   ROM_TimerIntClear               
UNDEFED   ROM_TimerIntEnable              
UNDEFED   ROM_TimerLoadSet                
UNDEFED   ROM_TimerLoadSet64              
UNDEFED   ROM_TimerMatchSet               
000032fd  ResetISR                        
000011a9  SysCtlAltClkConfig              
000008d1  SysCtlClockFreqSet              
00000d99  SysCtlClockGet                  
0000118d  SysCtlClockOutConfig            
00000bc9  SysCtlClockSet                  
000007d5  SysCtlDeepSleep                 
00000f5d  SysCtlDeepSleepClockConfigSet   
00000f3f  SysCtlDeepSleepClockSet         
000007b5  SysCtlDeepSleepPowerSet         
00003309  SysCtlDelay                     
00000363  SysCtlFlashSectorSizeGet        
00000337  SysCtlFlashSizeGet              
00001033  SysCtlGPIOAHBDisable            
00001017  SysCtlGPIOAHBEnable             
00000749  SysCtlIntClear                  
00000731  SysCtlIntDisable                
0000071d  SysCtlIntEnable                 
000006f5  SysCtlIntRegister               
00000759  SysCtlIntStatus                 
0000070d  SysCtlIntUnregister             
0000079b  SysCtlLDODeepSleepGet           
0000078b  SysCtlLDODeepSleepSet           
00000785  SysCtlLDOSleepGet               
00000775  SysCtlLDOSleepSet               
0000080b  SysCtlMOSCConfigSet             
00001171  SysCtlNMIClear                  
0000115d  SysCtlNMIStatus                 
00000821  SysCtlPIOSCCalibrate            
00001001  SysCtlPWMClockGet               
00000fe7  SysCtlPWMClockSet               
000006a1  SysCtlPeripheralClockGating     
00000659  SysCtlPeripheralDeepSleepDisable
00000609  SysCtlPeripheralDeepSleepEnable 
00000545  SysCtlPeripheralDisable         
00000509  SysCtlPeripheralEnable          
00000445  SysCtlPeripheralPowerOff        
00000409  SysCtlPeripheralPowerOn         
00000389  SysCtlPeripheralPresent         
000003c9  SysCtlPeripheralReady           
00000481  SysCtlPeripheralReset           
000005cd  SysCtlPeripheralSleepDisable    
00000589  SysCtlPeripheralSleepEnable     
000007c5  SysCtlReset                     
00000881  SysCtlResetBehaviorGet          
00000871  SysCtlResetBehaviorSet          
000007f7  SysCtlResetCauseClear           
000007f1  SysCtlResetCauseGet             
0000032d  SysCtlSRAMSizeGet               
000007cd  SysCtlSleep                     
000007a1  SysCtlSleepPowerSet             
0000105b  SysCtlUSBPLLDisable             
0000104f  SysCtlUSBPLLEnable              
000010a1  SysCtlVCOGet                    
00001089  SysCtlVoltageEventClear         
0000106d  SysCtlVoltageEventConfig        
0000107d  SysCtlVoltageEventStatus        
UNDEFED   UARTStdioConfig                 
UNDEFED   UARTprintf                      
20000470  __STACK_END                     
00000200  __STACK_SIZE                    
20000470  __STACK_TOP                     
000038e8  __TI_CINIT_Base                 
00003900  __TI_CINIT_Limit                
000038c0  __TI_Handler_Table_Base         
000038cc  __TI_Handler_Table_Limit        
00003221  __TI_auto_init_nobinit_nopinit  
00003169  __TI_decompress_lzss            
000032ef  __TI_decompress_none            
ffffffff  __TI_pprof_out_hndl             
ffffffff  __TI_prof_data_size             
ffffffff  __TI_prof_data_start            
00000000  __TI_static_base__              
000032dd  __TI_zero_init_nomemset         
000031d1  __aeabi_f2ulz                   
000030cd  __aeabi_memcpy                  
000030cd  __aeabi_memcpy4                 
000030cd  __aeabi_memcpy8                 
ffffffff  __binit__                       
ffffffff  __c_args__                      
UNDEFED   __mpu_init                      
20000270  __stack                         
000032a5  _c_int00_noargs                 
UNDEFED   _system_post_cinit              
0000330f  _system_pre_init                
00003313  abort                           
ffffffff  binit                           
20000485  errFlag                         
20000000  g_pfnRAMVectors                 
00000000  g_pfnVectors                    
00002ef3  main                            
000030cd  memcpy                          
20000484  rxFlag                          


GLOBAL SYMBOLS: SORTED BY Symbol Address 

address   name                            
-------   ----                            
00000000  __TI_static_base__              
00000000  g_pfnVectors                    
00000200  __STACK_SIZE                    
0000032d  SysCtlSRAMSizeGet               
00000337  SysCtlFlashSizeGet              
00000363  SysCtlFlashSectorSizeGet        
00000389  SysCtlPeripheralPresent         
000003c9  SysCtlPeripheralReady           
00000409  SysCtlPeripheralPowerOn         
00000445  SysCtlPeripheralPowerOff        
00000481  SysCtlPeripheralReset           
00000509  SysCtlPeripheralEnable          
00000545  SysCtlPeripheralDisable         
00000589  SysCtlPeripheralSleepEnable     
000005cd  SysCtlPeripheralSleepDisable    
00000609  SysCtlPeripheralDeepSleepEnable 
00000659  SysCtlPeripheralDeepSleepDisable
000006a1  SysCtlPeripheralClockGating     
000006f5  SysCtlIntRegister               
0000070d  SysCtlIntUnregister             
0000071d  SysCtlIntEnable                 
00000731  SysCtlIntDisable                
00000749  SysCtlIntClear                  
00000759  SysCtlIntStatus                 
00000775  SysCtlLDOSleepSet               
00000785  SysCtlLDOSleepGet               
0000078b  SysCtlLDODeepSleepSet           
0000079b  SysCtlLDODeepSleepGet           
000007a1  SysCtlSleepPowerSet             
000007b5  SysCtlDeepSleepPowerSet         
000007c5  SysCtlReset                     
000007cd  SysCtlSleep                     
000007d5  SysCtlDeepSleep                 
000007f1  SysCtlResetCauseGet             
000007f7  SysCtlResetCauseClear           
0000080b  SysCtlMOSCConfigSet             
00000821  SysCtlPIOSCCalibrate            
00000871  SysCtlResetBehaviorSet          
00000881  SysCtlResetBehaviorGet          
000008d1  SysCtlClockFreqSet              
00000bc9  SysCtlClockSet                  
00000d99  SysCtlClockGet                  
00000f3f  SysCtlDeepSleepClockSet         
00000f5d  SysCtlDeepSleepClockConfigSet   
00000fe7  SysCtlPWMClockSet               
00001001  SysCtlPWMClockGet               
00001017  SysCtlGPIOAHBEnable             
00001033  SysCtlGPIOAHBDisable            
0000104f  SysCtlUSBPLLEnable              
0000105b  SysCtlUSBPLLDisable             
0000106d  SysCtlVoltageEventConfig        
0000107d  SysCtlVoltageEventStatus        
00001089  SysCtlVoltageEventClear         
000010a1  SysCtlVCOGet                    
0000115d  SysCtlNMIStatus                 
00001171  SysCtlNMIClear                  
0000118d  SysCtlClockOutConfig            
000011a9  SysCtlAltClkConfig              
0000124b  GPIODirModeSet                  
000012a7  GPIODirModeGet                  
000012f3  GPIOIntTypeSet                  
00001397  GPIOIntTypeGet                  
0000142d  GPIOPadConfigSet                
00001667  GPIOPadConfigGet                
000017b9  GPIOIntEnable                   
000017d3  GPIOIntDisable                  
000017ed  GPIOIntStatus                   
0000180f  GPIOIntClear                    
00001823  GPIOIntRegister                 
00001841  GPIOIntUnregister               
0000185b  GPIOIntRegisterPin              
00001889  GPIOIntUnregisterPin            
000018ad  GPIOPinRead                     
000018c5  GPIOPinWrite                    
000018e5  GPIOPinTypeADC                  
00001909  GPIOPinTypeCAN                  
0000192d  GPIOPinTypeComparator           
00001951  GPIOPinTypeComparatorOutput     
00001975  GPIOPinTypeDIVSCLK              
00001999  GPIOPinTypeEPI                  
000019bd  GPIOPinTypeEthernetLED          
000019e1  GPIOPinTypeEthernetMII          
00001a05  GPIOPinTypeGPIOInput            
00001a29  GPIOPinTypeGPIOOutput           
00001a4d  GPIOPinTypeGPIOOutputOD         
00001a71  GPIOPinTypeHibernateRTCCLK      
00001a95  GPIOPinTypeI2C                  
00001ab9  GPIOPinTypeI2CSCL               
00001add  GPIOPinTypeLCD                  
00001b01  GPIOPinTypeOneWire              
00001b25  GPIOPinTypePWM                  
00001b49  GPIOPinTypeQEI                  
00001b6d  GPIOPinTypeSSI                  
00001b91  GPIOPinTypeTimer                
00001bb5  GPIOPinTypeTrace                
00001bd9  GPIOPinTypeUART                 
00001bfd  GPIOPinTypeUSBAnalog            
00001c21  GPIOPinTypeUSBDigital           
00001c45  GPIOPinTypeWakeHigh             
00001c6b  GPIOPinTypeWakeLow              
00001c91  GPIOPinWakeStatus               
00001ca1  GPIOPinConfigure                
00001cff  GPIODMATriggerEnable            
00001d1d  GPIODMATriggerDisable           
00001d3b  GPIOADCTriggerEnable            
00001d59  GPIOADCTriggerDisable           
00001e85  CANInit                         
00001f01  CANEnable                       
00001f15  CANDisable                      
00001f29  CANBitTimingGet                 
00001f91  CANBitRateSet                   
0000205d  CANBitTimingSet                 
000020eb  CANIntRegister                  
00002109  CANIntUnregister                
00002123  CANIntEnable                    
00002139  CANIntDisable                   
0000214f  CANIntStatus                    
00002199  CANIntClear                     
000021d3  CANRetrySet                     
00002205  CANRetryGet                     
00002221  CANStatusGet                    
000022a7  CANErrCntrGet                   
000022dd  CANMessageSet                   
0000256f  CANMessageGet                   
00002779  CANMessageClear                 
000027ab  IntMasterEnable                 
000027bb  IntMasterDisable                
000027cb  IntRegister                     
0000281d  IntUnregister                   
00002831  IntPriorityGroupingSet          
0000284b  IntPriorityGroupingGet          
00002883  IntPrioritySet                  
000028d3  IntPriorityGet                  
000028f7  IntEnable                       
00002969  IntDisable                      
000029db  IntIsEnabled                    
00002a61  IntPendSet                      
00002ad1  IntPendClear                    
00002b1f  IntPriorityMaskSet              
00002b2b  IntPriorityMaskGet              
00002b33  IntTrigger                      
00002b69  RGBBlinkIntHandler              
00002b91  RGBInit                         
00002c49  RGBEnable                       
00002cb9  RGBDisable                      
00002cf3  RGBSet                          
00002d0b  RGBColorSet                     
00002da3  RGBIntensitySet                 
00002db7  RGBBlinkRateSet                 
00002e1d  RGBColorGet                     
00002ea9  CANIntHandler                   
00002ef3  main                            
000030cd  __aeabi_memcpy                  
000030cd  __aeabi_memcpy4                 
000030cd  __aeabi_memcpy8                 
000030cd  memcpy                          
00003169  __TI_decompress_lzss            
000031d1  __aeabi_f2ulz                   
00003221  __TI_auto_init_nobinit_nopinit  
00003265  CPUcpsid                        
00003271  CPUprimask                      
0000327b  CPUcpsie                        
00003287  CPUwfi                          
0000328b  CPUbasepriSet                   
00003299  CPUbasepriGet                   
000032a5  _c_int00_noargs                 
000032dd  __TI_zero_init_nomemset         
000032ef  __TI_decompress_none            
000032fd  ResetISR                        
00003309  SysCtlDelay                     
0000330f  _system_pre_init                
00003313  C$$EXIT                         
00003313  abort                           
000038c0  __TI_Handler_Table_Base         
000038cc  __TI_Handler_Table_Limit        
000038e8  __TI_CINIT_Base                 
00003900  __TI_CINIT_Limit                
20000000  g_pfnRAMVectors                 
20000270  __stack                         
20000470  __STACK_END                     
20000470  __STACK_TOP                     
20000484  rxFlag                          
20000485  errFlag                         
ffffffff  __TI_pprof_out_hndl             
ffffffff  __TI_prof_data_size             
ffffffff  __TI_prof_data_start            
ffffffff  __binit__                       
ffffffff  __c_args__                      
ffffffff  binit                           
UNDEFED   ROM_GPIOPinConfigure            
UNDEFED   ROM_GPIOPinTypeGPIOInput        
UNDEFED   ROM_GPIOPinTypeTimer            
UNDEFED   ROM_IntEnable                   
UNDEFED   ROM_SysCtlPeripheralEnable      
UNDEFED   ROM_TimerConfigure              
UNDEFED   ROM_TimerDisable                
UNDEFED   ROM_TimerEnable                 
UNDEFED   ROM_TimerIntClear               
UNDEFED   ROM_TimerIntEnable              
UNDEFED   ROM_TimerLoadSet                
UNDEFED   ROM_TimerLoadSet64              
UNDEFED   ROM_TimerMatchSet               
UNDEFED   UARTStdioConfig                 
UNDEFED   UARTprintf                      
UNDEFED   __mpu_init                      
UNDEFED   _system_post_cinit              

[206 symbols]
