###############################################################################
#
# IAR ELF Linker V8.22.2.15995/W32 for ARM                28/Mar/2018  22:24:28
# Copyright 2007-2018 IAR Systems AB.
#
#    Output file  =  
#        C:\Users\Tony\Desktop\Projects\embedded_programming\lesson4\Debug\Exe\project.out
#    Map file     =  
#        C:\Users\Tony\Desktop\Projects\embedded_programming\lesson4\Debug\List\project.map
#    Command line =  
#        -f C:\Temp\EW1157.tmp
#        (C:\Users\Tony\Desktop\Projects\embedded_programming\lesson4\Debug\Obj\main.o
#        -o
#        C:\Users\Tony\Desktop\Projects\embedded_programming\lesson4\Debug\Exe\project.out
#        --redirect _Printf=_PrintfFullNoMb --redirect _Scanf=_ScanfFullNoMb
#        --map
#        C:\Users\Tony\Desktop\Projects\embedded_programming\lesson4\Debug\List\project.map
#        --config "C:\Program Files (x86)\IAR Systems\Embedded Workbench
#        8.0\arm\config\linker\TexasInstruments\TM4C123GH6.icf" --semihosting
#        --entry __iar_program_start --vfe --text_out locale)
#
###############################################################################

*******************************************************************************
*** RUNTIME MODEL ATTRIBUTES
***

CppFlavor       = *
__SystemLibrary = DLib
__dlib_version  = 6


*******************************************************************************
*** HEAP SELECTION
***

The basic heap was selected because some modules are built with
size limitations (and not runtime checking), and --advanced_heap
was not specified.


*******************************************************************************
*** PLACEMENT SUMMARY
***

"A0":  place at 0x00000000 { ro section .intvec };
"P1":  place in [from 0x00000000 to 0x0003ffff] { ro };
define block CSTACK with size = 4K, alignment = 8 { };
define block HEAP with size = 8K, alignment = 8 { };
"P2":  place in [from 0x20000000 to 0x20007fff] {
          rw, block CSTACK, block HEAP };

No sections matched the following patterns:

  rw  in "P2"


  Section   Kind        Address    Size  Object
  -------   ----        -------    ----  ------
"A0":                              0x40
  .intvec   ro code  0x00000000    0x40  vector_table_M.o [5]
                   - 0x00000040    0x40

"P1":                              0xc4
  .text     ro code  0x00000040    0x4c  main.o [1]
  .text     ro code  0x0000008c    0x22  fpinit_M.o [4]
  .text     ro code  0x000000ae     0x2  vector_table_M.o [5]
  .text     ro code  0x000000b0    0x1e  cmain.o [5]
  .text     ro code  0x000000ce     0x4  low_level_init.o [3]
  .text     ro code  0x000000d2     0x4  exit.o [3]
  .text     ro code  0x000000d8     0xa  cexit.o [5]
  .text     ro code  0x000000e4    0x14  exit.o [6]
  .text     ro code  0x000000f8     0xc  cstartup_M.o [5]
                   - 0x00000104    0xc4

"P2":                            0x1000
  CSTACK             0x20000000  0x1000  <Block>
    CSTACK  uninit   0x20000000  0x1000  <Block tail>
                   - 0x20001000  0x1000



*******************************************************************************
*** MODULE SUMMARY
***

    Module            ro code  rw data
    ------            -------  -------
C:\Users\Tony\Desktop\Projects\embedded_programming\lesson4\Debug\Obj: [1]
    main.o                 76
    ----------------------------------
    Total:                 76

command line: [2]
    ----------------------------------
    Total:

dl7M_tln.a: [3]
    exit.o                  4
    low_level_init.o        4
    ----------------------------------
    Total:                  8

m7M_tls.a: [4]
    fpinit_M.o             34
    ----------------------------------
    Total:                 34

rt7M_tl.a: [5]
    cexit.o                10
    cmain.o                30
    cstartup_M.o           12
    vector_table_M.o       66
    ----------------------------------
    Total:                118

shb_l.a: [6]
    exit.o                 20
    ----------------------------------
    Total:                 20

    Gaps                    4
    Linker created               4 096
--------------------------------------
    Grand Total:          260    4 096


*******************************************************************************
*** ENTRY LIST
***

Entry                      Address  Size  Type      Object
-----                      -------  ----  ----      ------
?main                   0x000000b1        Code  Gb  cmain.o [5]
CSTACK$$Base            0x20000000         --   Gb  - Linker created -
CSTACK$$Limit           0x20001000         --   Gb  - Linker created -
Region$$Table$$Base     0x00000000         --   Gb  - Linker created -
Region$$Table$$Limit    0x00000000         --   Gb  - Linker created -
__cmain                 0x000000b1        Code  Gb  cmain.o [5]
__exit                  0x000000e5  0x14  Code  Gb  exit.o [6]
__iar_init_vfp          0x0000008d        Code  Gb  fpinit_M.o [4]
__iar_program_start     0x000000f9        Code  Gb  cstartup_M.o [5]
__iar_systems$$module {Abs}
                        0x00000001        Data  Gb  command line/config [2]
__low_level_init        0x000000cf   0x4  Code  Gb  low_level_init.o [3]
__vector_table          0x00000000        Data  Gb  vector_table_M.o [5]
_call_main              0x000000bd        Code  Gb  cmain.o [5]
_exit                   0x000000d9        Code  Gb  cexit.o [5]
_main                   0x000000cb        Code  Gb  cmain.o [5]
exit                    0x000000d3   0x4  Code  Gb  exit.o [3]
main                    0x00000041  0x4c  Code  Gb  main.o [1]


[1] = C:\Users\Tony\Desktop\Projects\embedded_programming\lesson4\Debug\Obj
[2] = command line
[3] = dl7M_tln.a
[4] = m7M_tls.a
[5] = rt7M_tl.a
[6] = shb_l.a

    260 bytes of readonly  code memory
  4 096 bytes of readwrite data memory

Errors: none
Warnings: none
