******************************************************************************
                  TI ARM Linker PC v18.1.1                     
******************************************************************************
>> Linked Sun May  6 10:59:47 2018

OUTPUT FILE NAME:   <CAN_master.out>
ENTRY POINT SYMBOL: "_c_int00_noargs"  address: 00001609


MEMORY CONFIGURATION

         name            origin    length      used     unused   attr    fill
----------------------  --------  ---------  --------  --------  ----  --------
  FLASH                 00000000   00040000  00001a3c  0003e5c4  R  X
  SRAM                  20000000   00008000  00000476  00007b8a  RW X


SEGMENT ALLOCATION MAP

run origin  load origin   length   init length attrs members
----------  ----------- ---------- ----------- ----- -------
00000000    00000000    00001a40   00001a40    r-x
  00000000    00000000    0000026c   0000026c    r-- .intvecs
  0000026c    0000026c    000015d4   000015d4    r-x .text
  00001840    00001840    000001bc   000001bc    r-- .const
  00001a00    00001a00    00000040   00000040    r-- .cinit
20000000    20000000    00000476   00000000    rw-
  20000000    20000000    0000026c   00000000    rw- .vtable
  2000026c    2000026c    00000004   00000000    rw- .bss
  20000270    20000270    00000200   00000000    rw- .stack
  20000470    20000470    00000006   00000000    rw- .data


SECTION ALLOCATION MAP

 output                                  attributes/
section   page    origin      length       input sections
--------  ----  ----------  ----------   ----------------
.intvecs   0    00000000    0000026c     
                  00000000    0000026c     tm4c123gh6pm_startup_ccs.obj (.intvecs)

.text      0    0000026c    000015d4     
                  0000026c    0000049c     uartstdio.obj (.text)
                  00000708    000002f8     main.obj (.text)
                  00000a00    000001b6     rtsv7M4_T_le_v4SPD16_eabi.lib : fd_add_t2.asm.obj (.text)
                  00000bb6    00000136     driverlib.lib : can.obj (.text:CANMessageSet)
                  00000cec    00000132                   : gpio.obj (.text:GPIOPadConfigSet)
                  00000e1e    00000002     rtsv7M4_T_le_v4SPD16_eabi.lib : div0.asm.obj (.text)
                  00000e20    00000110     driverlib.lib : sysctl.obj (.text:SysCtlClockGet)
                  00000f30    000000fc     rtsv7M4_T_le_v4SPD16_eabi.lib : fd_mul_t2.asm.obj (.text)
                  0000102c    000000f4     driverlib.lib : sysctl.obj (.text:SysCtlClockSet)
                  00001120    000000a4     rtsv7M4_T_le_v4SPD16_eabi.lib : s_sinf.c.obj (.text:sinf)
                  000011c4    0000009c                                   : memcpy_t2.asm.obj (.text)
                  00001260    0000006c     driverlib.lib : can.obj (.text:CANBitRateSet)
                  000012cc    00000068                   : interrupt.obj (.text:IntEnable)
                  00001334    00000068     rtsv7M4_T_le_v4SPD16_eabi.lib : copy_decompress_lzss.c.obj (.text:decompress:lzss:__TI_decompress_lzss)
                  0000139c    0000005c     driverlib.lib : can.obj (.text:_CANIntNumberGet)
                  000013f8    00000048                   : gpio.obj (.text:GPIOPinConfigure)
                  00001440    00000048     rtsv7M4_T_le_v4SPD16_eabi.lib : fd_toi_t2.asm.obj (.text)
                  00001488    00000046     driverlib.lib : uart.obj (.text:UARTConfigSetExpClk)
                  000014ce    00000002     --HOLE-- [fill = 0]
                  000014d0    00000044     rtsv7M4_T_le_v4SPD16_eabi.lib : autoinit.c.obj (.text:__TI_auto_init_nobinit_nopinit:__TI_auto_init_nobinit_nopinit)
                  00001514    00000040     driverlib.lib : can.obj (.text:CANStatusGet)
                  00001554    00000040     rtsv7M4_T_le_v4SPD16_eabi.lib : u_divt2.asm.obj (.text)
                  00001594    0000003a     driverlib.lib : can.obj (.text:CANInit)
                  000015ce    00000002     --HOLE-- [fill = 0]
                  000015d0    00000038                   : sysctl.obj (.text:SysCtlPeripheralPresent)
                  00001608    00000038     rtsv7M4_T_le_v4SPD16_eabi.lib : boot_cortex_m.c.obj (.text:_c_int00_noargs:_c_int00_noargs)
                  00001640    00000038                                   : fs_tod_t2.asm.obj (.text)
                  00001678    00000034     driverlib.lib : interrupt.obj (.text:IntRegister)
                  000016ac    00000034                   : sysctl.obj (.text:SysCtlPeripheralEnable)
                  000016e0    0000002a                   : gpio.obj (.text:GPIODirModeSet)
                  0000170a    00000024                   : can.obj (.text:_CANDataRegWrite)
                  0000172e    00000022                   : can.obj (.text:CANIntClear)
                  00001750    00000020                   : can.obj (.text:CANIntStatus)
                  00001770    00000020                   : uart.obj (.text:UARTDisable)
                  00001790    00000018                   : can.obj (.text:CANIntRegister)
                  000017a8    00000014                   : uart.obj (.text:UARTEnable)
                  000017bc    00000012                   : gpio.obj (.text:GPIOPinTypeCAN)
                  000017ce    00000012                   : gpio.obj (.text:GPIOPinTypeUART)
                  000017e0    00000012     rtsv7M4_T_le_v4SPD16_eabi.lib : copy_zero_init.c.obj (.text:decompress:ZI:__TI_zero_init_nomemset:__TI_zero_init_nomemset)
                  000017f2    0000000e                                   : copy_decompress_none.c.obj (.text:decompress:none:__TI_decompress_none)
                  00001800    0000000c     tm4c123gh6pm_startup_ccs.obj (.text)
                  0000180c    0000000a     driverlib.lib : can.obj (.text:CANEnable)
                  00001816    0000000a                   : uart.obj (.text:UARTCharGet)
                  00001820    0000000a                   : uart.obj (.text:UARTCharPut)
                  0000182a    00000008                   : can.obj (.text:CANIntEnable)
                  00001832    00000006                   : sysctl.obj (.text:SysCtlDelay)
                  00001838    00000004     rtsv7M4_T_le_v4SPD16_eabi.lib : pre_init.c.obj (.text:_system_pre_init)
                  0000183c    00000004                                   : exit.c.obj (.text:abort:abort)

.const     0    00001840    000001bc     
                  00001840    00000090     driverlib.lib : gpio.obj (.const:g_pui32GPIOBaseAddrs)
                  000018d0    00000070                   : interrupt.obj (.const)
                  00001940    0000006c                   : sysctl.obj (.const:g_pui32Xtals)
                  000019ac    00000020                   : can.obj (.const)
                  000019cc    00000012     uartstdio.obj (.const:.string)
                  000019de    00000002     --HOLE-- [fill = 0]
                  000019e0    0000000c     uartstdio.obj (.const:g_ui32UARTBase)
                  000019ec    0000000c     uartstdio.obj (.const:g_ui32UARTPeriph)
                  000019f8    00000004     uartstdio.obj (.const)

.cinit     0    00001a00    00000040     
                  00001a00    0000000c     (__TI_handler_table)
                  00001a0c    00000004     --HOLE-- [fill = 0]
                  00001a10    00000008     (.cinit..bss.load) [load image, compression = zero_init]
                  00001a18    00000008     (.cinit..vtable.load) [load image, compression = zero_init]
                  00001a20    00000007     (.cinit..data.load) [load image, compression = lzss]
                  00001a27    00000001     --HOLE-- [fill = 0]
                  00001a28    00000018     (__TI_cinit_table)

.init_array 
*          0    00000000    00000000     UNINITIALIZED

.vtable    0    20000000    0000026c     UNINITIALIZED
                  20000000    0000026c     driverlib.lib : interrupt.obj (.vtable)

.bss       0    2000026c    00000004     UNINITIALIZED
                  2000026c    00000004     (.common:sysClock)

.data      0    20000470    00000006     UNINITIALIZED
                  20000470    00000005     uartstdio.obj (.data)
                  20000475    00000001     main.obj (.data)

.stack     0    20000270    00000200     UNINITIALIZED
                  20000270    00000004     rtsv7M4_T_le_v4SPD16_eabi.lib : boot_cortex_m.c.obj (.stack)
                  20000274    000001fc     --HOLE--

MODULE SUMMARY

       Module                         code   ro data   rw data
       ------                         ----   -------   -------
    .\
       uartstdio.obj                  1180   46        5      
       main.obj                       760    0         5      
       tm4c123gh6pm_startup_ccs.obj   12     620       0      
    +--+------------------------------+------+---------+---------+
       Total:                         1952   666       10     
                                                              
    C:/ti/TivaWare_C_Series-2.1.4.178/driverlib/ccs/Debug/driverlib.lib
       interrupt.obj                  156    112       620    
       can.obj                        776    32        0      
       sysctl.obj                     630    108       0      
       gpio.obj                       456    144       0      
       uart.obj                       142    0         0      
    +--+------------------------------+------+---------+---------+
       Total:                         2160   396       620    
                                                              
    C:\ti\ccsv8\tools\compiler\ti-cgt-arm_18.1.1.LTS\lib\rtsv7M4_T_le_v4SPD16_eabi.lib
       fd_add_t2.asm.obj              438    0         0      
       fd_mul_t2.asm.obj              252    0         0      
       s_sinf.c.obj                   164    0         0      
       memcpy_t2.asm.obj              156    0         0      
       copy_decompress_lzss.c.obj     104    0         0      
       fd_toi_t2.asm.obj              72     0         0      
       autoinit.c.obj                 68     0         0      
       u_divt2.asm.obj                64     0         0      
       boot_cortex_m.c.obj            56     0         0      
       fs_tod_t2.asm.obj              56     0         0      
       copy_zero_init.c.obj           18     0         0      
       copy_decompress_none.c.obj     14     0         0      
       exit.c.obj                     4      0         0      
       pre_init.c.obj                 4      0         0      
       div0.asm.obj                   2      0         0      
    +--+------------------------------+------+---------+---------+
       Total:                         1472   0         0      
                                                              
       Stack:                         0      0         512    
       Linker Generated:              0      59        0      
    +--+------------------------------+------+---------+---------+
       Grand Total:                   5584   1121      1142   


LINKER GENERATED COPY TABLES

__TI_cinit_table @ 00001a28 records: 3, size/record: 8, table size: 24
	.bss: load addr=00001a10, load size=00000008 bytes, run addr=2000026c, run size=00000004 bytes, compression=zero_init
	.vtable: load addr=00001a18, load size=00000008 bytes, run addr=20000000, run size=0000026c bytes, compression=zero_init
	.data: load addr=00001a20, load size=00000007 bytes, run addr=20000470, run size=00000006 bytes, compression=lzss


LINKER GENERATED HANDLER TABLE

__TI_handler_table @ 00001a00 records: 3, size/record: 4, table size: 12
	index: 0, handler: __TI_zero_init
	index: 1, handler: __TI_decompress_lzss
	index: 2, handler: __TI_decompress_none


GLOBAL SYMBOLS: SORTED ALPHABETICALLY BY Name 

address   name                          
-------   ----                          
0000183d  C$$EXIT                       
00001261  CANBitRateSet                 
0000180d  CANEnable                     
00001595  CANInit                       
0000172f  CANIntClear                   
0000182b  CANIntEnable                  
00000745  CANIntHandler                 
00001791  CANIntRegister                
00001751  CANIntStatus                  
00000bb7  CANMessageSet                 
00001515  CANStatusGet                  
000016e1  GPIODirModeSet                
00000ced  GPIOPadConfigSet              
000013f9  GPIOPinConfigure              
000017bd  GPIOPinTypeCAN                
000017cf  GPIOPinTypeUART               
000012cd  IntEnable                     
00001679  IntRegister                   
00001801  ResetISR                      
00000e21  SysCtlClockGet                
0000102d  SysCtlClockSet                
00001833  SysCtlDelay                   
000016ad  SysCtlPeripheralEnable        
000015d1  SysCtlPeripheralPresent       
00001817  UARTCharGet                   
00001821  UARTCharPut                   
00001489  UARTConfigSetExpClk           
00001771  UARTDisable                   
000017a9  UARTEnable                    
0000026d  UARTStdioConfig               
000003b3  UARTgetc                      
000002f9  UARTgets                      
000006d3  UARTprintf                    
000003d9  UARTvprintf                   
000002b3  UARTwrite                     
20000470  __STACK_END                   
00000200  __STACK_SIZE                  
20000470  __STACK_TOP                   
00001a28  __TI_CINIT_Base               
00001a40  __TI_CINIT_Limit              
00001a00  __TI_Handler_Table_Base       
00001a0c  __TI_Handler_Table_Limit      
000014d1  __TI_auto_init_nobinit_nopinit
00001335  __TI_decompress_lzss          
000017f3  __TI_decompress_none          
ffffffff  __TI_pprof_out_hndl           
ffffffff  __TI_prof_data_size           
ffffffff  __TI_prof_data_start          
00000000  __TI_static_base__            
000017e1  __TI_zero_init_nomemset       
00001441  __aeabi_d2iz                  
00000a0b  __aeabi_dadd                  
00000f31  __aeabi_dmul                  
00000a01  __aeabi_dsub                  
00001641  __aeabi_f2d                   
00000e1f  __aeabi_idiv0                 
00000e1f  __aeabi_ldiv0                 
000011c5  __aeabi_memcpy                
000011c5  __aeabi_memcpy4               
000011c5  __aeabi_memcpy8               
00001555  __aeabi_uidiv                 
00001555  __aeabi_uidivmod              
ffffffff  __binit__                     
ffffffff  __c_args__                    
UNDEFED   __mpu_init                    
20000270  __stack                       
00001609  _c_int00_noargs               
UNDEFED   _system_post_cinit            
00001839  _system_pre_init              
0000183d  abort                         
ffffffff  binit                         
00000709  delay                         
20000475  errFlag                       
20000000  g_pfnRAMVectors               
00000000  g_pfnVectors                  
00000789  main                          
000011c5  memcpy                        
00001121  sinf                          
2000026c  sysClock                      


GLOBAL SYMBOLS: SORTED BY Symbol Address 

address   name                          
-------   ----                          
00000000  __TI_static_base__            
00000000  g_pfnVectors                  
00000200  __STACK_SIZE                  
0000026d  UARTStdioConfig               
000002b3  UARTwrite                     
000002f9  UARTgets                      
000003b3  UARTgetc                      
000003d9  UARTvprintf                   
000006d3  UARTprintf                    
00000709  delay                         
00000745  CANIntHandler                 
00000789  main                          
00000a01  __aeabi_dsub                  
00000a0b  __aeabi_dadd                  
00000bb7  CANMessageSet                 
00000ced  GPIOPadConfigSet              
00000e1f  __aeabi_idiv0                 
00000e1f  __aeabi_ldiv0                 
00000e21  SysCtlClockGet                
00000f31  __aeabi_dmul                  
0000102d  SysCtlClockSet                
00001121  sinf                          
000011c5  __aeabi_memcpy                
000011c5  __aeabi_memcpy4               
000011c5  __aeabi_memcpy8               
000011c5  memcpy                        
00001261  CANBitRateSet                 
000012cd  IntEnable                     
00001335  __TI_decompress_lzss          
000013f9  GPIOPinConfigure              
00001441  __aeabi_d2iz                  
00001489  UARTConfigSetExpClk           
000014d1  __TI_auto_init_nobinit_nopinit
00001515  CANStatusGet                  
00001555  __aeabi_uidiv                 
00001555  __aeabi_uidivmod              
00001595  CANInit                       
000015d1  SysCtlPeripheralPresent       
00001609  _c_int00_noargs               
00001641  __aeabi_f2d                   
00001679  IntRegister                   
000016ad  SysCtlPeripheralEnable        
000016e1  GPIODirModeSet                
0000172f  CANIntClear                   
00001751  CANIntStatus                  
00001771  UARTDisable                   
00001791  CANIntRegister                
000017a9  UARTEnable                    
000017bd  GPIOPinTypeCAN                
000017cf  GPIOPinTypeUART               
000017e1  __TI_zero_init_nomemset       
000017f3  __TI_decompress_none          
00001801  ResetISR                      
0000180d  CANEnable                     
00001817  UARTCharGet                   
00001821  UARTCharPut                   
0000182b  CANIntEnable                  
00001833  SysCtlDelay                   
00001839  _system_pre_init              
0000183d  C$$EXIT                       
0000183d  abort                         
00001a00  __TI_Handler_Table_Base       
00001a0c  __TI_Handler_Table_Limit      
00001a28  __TI_CINIT_Base               
00001a40  __TI_CINIT_Limit              
20000000  g_pfnRAMVectors               
2000026c  sysClock                      
20000270  __stack                       
20000470  __STACK_END                   
20000470  __STACK_TOP                   
20000475  errFlag                       
ffffffff  __TI_pprof_out_hndl           
ffffffff  __TI_prof_data_size           
ffffffff  __TI_prof_data_start          
ffffffff  __binit__                     
ffffffff  __c_args__                    
ffffffff  binit                         
UNDEFED   __mpu_init                    
UNDEFED   _system_post_cinit            

[79 symbols]
