******************************************************************************
                  TI ARM Linker PC v18.1.1                     
******************************************************************************
>> Linked Sat May  5 14:32:09 2018

OUTPUT FILE NAME:   <CAN_master.out>
ENTRY POINT SYMBOL: "_c_int00_noargs"  address: 00001655


MEMORY CONFIGURATION

         name            origin    length      used     unused   attr    fill
----------------------  --------  ---------  --------  --------  ----  --------
  FLASH                 00000000   00040000  00001c90  0003e370  R  X
  SRAM                  20000000   00008000  00000476  00007b8a  RW X


SEGMENT ALLOCATION MAP

run origin  load origin   length   init length attrs members
----------  ----------- ---------- ----------- ----- -------
00000000    00000000    00001c90   00001c90    r-x
  00000000    00000000    0000026c   0000026c    r-- .intvecs
  0000026c    0000026c    00001640   00001640    r-x .text
  000018ac    000018ac    000003a4   000003a4    r-- .const
  00001c50    00001c50    00000040   00000040    r-- .cinit
20000000    20000000    00000476   00000000    rw-
  20000000    20000000    0000026c   00000000    rw- .vtable
  2000026c    2000026c    00000004   00000000    rw- .bss
  20000270    20000270    00000200   00000000    rw- .stack
  20000470    20000470    00000006   00000000    rw- .data


SECTION ALLOCATION MAP

 output                                  attributes/
section   page    origin      length       input sections
--------  ----  ----------  ----------   ----------------
.intvecs   0    00000000    0000026c     
                  00000000    0000026c     tm4c123gh6pm_startup_ccs.obj (.intvecs)

.text      0    0000026c    00001640     
                  0000026c    0000049c     uartstdio.obj (.text)
                  00000708    00000300     main.obj (.text)
                  00000a08    00000200     driverlib.lib : sysctl.obj (.text:SysCtlClockFreqSet)
                  00000c08    000001b6     rtsv7M4_T_le_v4SPD16_eabi.lib : fd_add_t2.asm.obj (.text)
                  00000dbe    00000136     driverlib.lib : can.obj (.text:CANMessageSet)
                  00000ef4    00000132                   : gpio.obj (.text:GPIOPadConfigSet)
                  00001026    000000fc     rtsv7M4_T_le_v4SPD16_eabi.lib : fd_mul_t2.asm.obj (.text)
                  00001122    00000002                                   : div0.asm.obj (.text)
                  00001124    000000a4                                   : s_sinf.c.obj (.text:sinf)
                  000011c8    0000009c                                   : memcpy_t2.asm.obj (.text)
                  00001264    0000006c     driverlib.lib : can.obj (.text:CANBitRateSet)
                  000012d0    00000068                   : interrupt.obj (.text:IntEnable)
                  00001338    00000068     rtsv7M4_T_le_v4SPD16_eabi.lib : copy_decompress_lzss.c.obj (.text:decompress:lzss:__TI_decompress_lzss)
                  000013a0    0000005c     driverlib.lib : can.obj (.text:_CANIntNumberGet)
                  000013fc    00000048                   : gpio.obj (.text:GPIOPinConfigure)
                  00001444    00000048                   : sysctl.obj (.text:_SysCtlFrequencyGet)
                  0000148c    00000048     rtsv7M4_T_le_v4SPD16_eabi.lib : fd_toi_t2.asm.obj (.text)
                  000014d4    00000046     driverlib.lib : uart.obj (.text:UARTConfigSetExpClk)
                  0000151a    00000002     --HOLE-- [fill = 0]
                  0000151c    00000044     rtsv7M4_T_le_v4SPD16_eabi.lib : autoinit.c.obj (.text:__TI_auto_init_nobinit_nopinit:__TI_auto_init_nobinit_nopinit)
                  00001560    00000040     driverlib.lib : can.obj (.text:CANStatusGet)
                  000015a0    00000040     rtsv7M4_T_le_v4SPD16_eabi.lib : u_divt2.asm.obj (.text)
                  000015e0    0000003a     driverlib.lib : can.obj (.text:CANInit)
                  0000161a    00000002     --HOLE-- [fill = 0]
                  0000161c    00000038                   : sysctl.obj (.text:SysCtlPeripheralPresent)
                  00001654    00000038     rtsv7M4_T_le_v4SPD16_eabi.lib : boot_cortex_m.c.obj (.text:_c_int00_noargs:_c_int00_noargs)
                  0000168c    00000038                                   : fs_tod_t2.asm.obj (.text)
                  000016c4    00000034     driverlib.lib : interrupt.obj (.text:IntRegister)
                  000016f8    00000034                   : sysctl.obj (.text:SysCtlPeripheralEnable)
                  0000172c    0000002a                   : gpio.obj (.text:GPIODirModeSet)
                  00001756    00000024                   : can.obj (.text:_CANDataRegWrite)
                  0000177a    00000022                   : can.obj (.text:CANIntClear)
                  0000179c    00000020                   : can.obj (.text:CANIntStatus)
                  000017bc    00000020                   : uart.obj (.text:UARTDisable)
                  000017dc    00000020                   : sysctl.obj (.text:_SysCtlMemTimingGet)
                  000017fc    00000018                   : can.obj (.text:CANIntRegister)
                  00001814    00000014                   : uart.obj (.text:UARTEnable)
                  00001828    00000012                   : gpio.obj (.text:GPIOPinTypeCAN)
                  0000183a    00000012                   : gpio.obj (.text:GPIOPinTypeUART)
                  0000184c    00000012     rtsv7M4_T_le_v4SPD16_eabi.lib : copy_zero_init.c.obj (.text:decompress:ZI:__TI_zero_init_nomemset:__TI_zero_init_nomemset)
                  0000185e    0000000e                                   : copy_decompress_none.c.obj (.text:decompress:none:__TI_decompress_none)
                  0000186c    0000000c     tm4c123gh6pm_startup_ccs.obj (.text)
                  00001878    0000000a     driverlib.lib : can.obj (.text:CANEnable)
                  00001882    0000000a                   : uart.obj (.text:UARTCharGet)
                  0000188c    0000000a                   : uart.obj (.text:UARTCharPut)
                  00001896    00000008                   : can.obj (.text:CANIntEnable)
                  0000189e    00000006                   : sysctl.obj (.text:SysCtlDelay)
                  000018a4    00000004     rtsv7M4_T_le_v4SPD16_eabi.lib : pre_init.c.obj (.text:_system_pre_init)
                  000018a8    00000004                                   : exit.c.obj (.text:abort:abort)

.const     0    000018ac    000003a4     
                  000018ac    000001b0     driverlib.lib : sysctl.obj (.const:g_pppui32XTALtoVCO)
                  00001a5c    00000090                   : gpio.obj (.const:g_pui32GPIOBaseAddrs)
                  00001aec    00000070                   : interrupt.obj (.const)
                  00001b5c    0000006c                   : sysctl.obj (.const:g_pui32Xtals)
                  00001bc8    00000030                   : sysctl.obj (.const:g_sXTALtoMEMTIM)
                  00001bf8    00000020                   : can.obj (.const)
                  00001c18    00000012     uartstdio.obj (.const:.string)
                  00001c2a    00000002     --HOLE-- [fill = 0]
                  00001c2c    0000000c     uartstdio.obj (.const:g_ui32UARTBase)
                  00001c38    0000000c     uartstdio.obj (.const:g_ui32UARTPeriph)
                  00001c44    00000008     driverlib.lib : sysctl.obj (.const)
                  00001c4c    00000004     uartstdio.obj (.const)

.cinit     0    00001c50    00000040     
                  00001c50    0000000c     (__TI_handler_table)
                  00001c5c    00000004     --HOLE-- [fill = 0]
                  00001c60    00000008     (.cinit..bss.load) [load image, compression = zero_init]
                  00001c68    00000008     (.cinit..vtable.load) [load image, compression = zero_init]
                  00001c70    00000007     (.cinit..data.load) [load image, compression = lzss]
                  00001c77    00000001     --HOLE-- [fill = 0]
                  00001c78    00000018     (__TI_cinit_table)

.init_array 
*          0    00000000    00000000     UNINITIALIZED

.vtable    0    20000000    0000026c     UNINITIALIZED
                  20000000    0000026c     driverlib.lib : interrupt.obj (.vtable)

.bss       0    2000026c    00000004     UNINITIALIZED
                  2000026c    00000004     (.common:sysClock)

.data      0    20000470    00000006     UNINITIALIZED
                  20000470    00000005     uartstdio.obj (.data)
                  20000475    00000001     main.obj (.data)

.stack     0    20000270    00000200     UNINITIALIZED
                  20000270    00000004     rtsv7M4_T_le_v4SPD16_eabi.lib : boot_cortex_m.c.obj (.stack)
                  20000274    000001fc     --HOLE--

MODULE SUMMARY

       Module                         code   ro data   rw data
       ------                         ----   -------   -------
    .\
       uartstdio.obj                  1180   46        5      
       main.obj                       768    0         5      
       tm4c123gh6pm_startup_ccs.obj   12     620       0      
    +--+------------------------------+------+---------+---------+
       Total:                         1960   666       10     
                                                              
    C:/ti/TivaWare_C_Series-2.1.4.178/driverlib/ccs/Debug/driverlib.lib
       sysctl.obj                     730    596       0      
       interrupt.obj                  156    112       620    
       can.obj                        776    32        0      
       gpio.obj                       456    144       0      
       uart.obj                       142    0         0      
    +--+------------------------------+------+---------+---------+
       Total:                         2260   884       620    
                                                              
    C:\ti\ccsv8\tools\compiler\ti-cgt-arm_18.1.1.LTS\lib\rtsv7M4_T_le_v4SPD16_eabi.lib
       fd_add_t2.asm.obj              438    0         0      
       fd_mul_t2.asm.obj              252    0         0      
       s_sinf.c.obj                   164    0         0      
       memcpy_t2.asm.obj              156    0         0      
       copy_decompress_lzss.c.obj     104    0         0      
       fd_toi_t2.asm.obj              72     0         0      
       autoinit.c.obj                 68     0         0      
       u_divt2.asm.obj                64     0         0      
       boot_cortex_m.c.obj            56     0         0      
       fs_tod_t2.asm.obj              56     0         0      
       copy_zero_init.c.obj           18     0         0      
       copy_decompress_none.c.obj     14     0         0      
       exit.c.obj                     4      0         0      
       pre_init.c.obj                 4      0         0      
       div0.asm.obj                   2      0         0      
    +--+------------------------------+------+---------+---------+
       Total:                         1472   0         0      
                                                              
       Stack:                         0      0         512    
       Linker Generated:              0      59        0      
    +--+------------------------------+------+---------+---------+
       Grand Total:                   5692   1609      1142   


LINKER GENERATED COPY TABLES

__TI_cinit_table @ 00001c78 records: 3, size/record: 8, table size: 24
	.bss: load addr=00001c60, load size=00000008 bytes, run addr=2000026c, run size=00000004 bytes, compression=zero_init
	.vtable: load addr=00001c68, load size=00000008 bytes, run addr=20000000, run size=0000026c bytes, compression=zero_init
	.data: load addr=00001c70, load size=00000007 bytes, run addr=20000470, run size=00000006 bytes, compression=lzss


LINKER GENERATED HANDLER TABLE

__TI_handler_table @ 00001c50 records: 3, size/record: 4, table size: 12
	index: 0, handler: __TI_zero_init
	index: 1, handler: __TI_decompress_lzss
	index: 2, handler: __TI_decompress_none


GLOBAL SYMBOLS: SORTED ALPHABETICALLY BY Name 

address   name                          
-------   ----                          
000018a9  C$$EXIT                       
00001265  CANBitRateSet                 
00001879  CANEnable                     
000015e1  CANInit                       
0000177b  CANIntClear                   
00001897  CANIntEnable                  
00000745  CANIntHandler                 
000017fd  CANIntRegister                
0000179d  CANIntStatus                  
00000dbf  CANMessageSet                 
00001561  CANStatusGet                  
0000172d  GPIODirModeSet                
00000ef5  GPIOPadConfigSet              
000013fd  GPIOPinConfigure              
00001829  GPIOPinTypeCAN                
0000183b  GPIOPinTypeUART               
000012d1  IntEnable                     
000016c5  IntRegister                   
0000186d  ResetISR                      
00000a09  SysCtlClockFreqSet            
0000189f  SysCtlDelay                   
000016f9  SysCtlPeripheralEnable        
0000161d  SysCtlPeripheralPresent       
00001883  UARTCharGet                   
0000188d  UARTCharPut                   
000014d5  UARTConfigSetExpClk           
000017bd  UARTDisable                   
00001815  UARTEnable                    
0000026d  UARTStdioConfig               
000003b3  UARTgetc                      
000002f9  UARTgets                      
000006d3  UARTprintf                    
000003d9  UARTvprintf                   
000002b3  UARTwrite                     
20000470  __STACK_END                   
00000200  __STACK_SIZE                  
20000470  __STACK_TOP                   
00001c78  __TI_CINIT_Base               
00001c90  __TI_CINIT_Limit              
00001c50  __TI_Handler_Table_Base       
00001c5c  __TI_Handler_Table_Limit      
0000151d  __TI_auto_init_nobinit_nopinit
00001339  __TI_decompress_lzss          
0000185f  __TI_decompress_none          
ffffffff  __TI_pprof_out_hndl           
ffffffff  __TI_prof_data_size           
ffffffff  __TI_prof_data_start          
00000000  __TI_static_base__            
0000184d  __TI_zero_init_nomemset       
0000148d  __aeabi_d2iz                  
00000c13  __aeabi_dadd                  
00001027  __aeabi_dmul                  
00000c09  __aeabi_dsub                  
0000168d  __aeabi_f2d                   
00001123  __aeabi_idiv0                 
00001123  __aeabi_ldiv0                 
000011c9  __aeabi_memcpy                
000011c9  __aeabi_memcpy4               
000011c9  __aeabi_memcpy8               
000015a1  __aeabi_uidiv                 
000015a1  __aeabi_uidivmod              
ffffffff  __binit__                     
ffffffff  __c_args__                    
UNDEFED   __mpu_init                    
20000270  __stack                       
00001655  _c_int00_noargs               
UNDEFED   _system_post_cinit            
000018a5  _system_pre_init              
000018a9  abort                         
ffffffff  binit                         
00000709  delay                         
20000475  errFlag                       
20000000  g_pfnRAMVectors               
00000000  g_pfnVectors                  
00000789  main                          
000011c9  memcpy                        
00001125  sinf                          
2000026c  sysClock                      


GLOBAL SYMBOLS: SORTED BY Symbol Address 

address   name                          
-------   ----                          
00000000  __TI_static_base__            
00000000  g_pfnVectors                  
00000200  __STACK_SIZE                  
0000026d  UARTStdioConfig               
000002b3  UARTwrite                     
000002f9  UARTgets                      
000003b3  UARTgetc                      
000003d9  UARTvprintf                   
000006d3  UARTprintf                    
00000709  delay                         
00000745  CANIntHandler                 
00000789  main                          
00000a09  SysCtlClockFreqSet            
00000c09  __aeabi_dsub                  
00000c13  __aeabi_dadd                  
00000dbf  CANMessageSet                 
00000ef5  GPIOPadConfigSet              
00001027  __aeabi_dmul                  
00001123  __aeabi_idiv0                 
00001123  __aeabi_ldiv0                 
00001125  sinf                          
000011c9  __aeabi_memcpy                
000011c9  __aeabi_memcpy4               
000011c9  __aeabi_memcpy8               
000011c9  memcpy                        
00001265  CANBitRateSet                 
000012d1  IntEnable                     
00001339  __TI_decompress_lzss          
000013fd  GPIOPinConfigure              
0000148d  __aeabi_d2iz                  
000014d5  UARTConfigSetExpClk           
0000151d  __TI_auto_init_nobinit_nopinit
00001561  CANStatusGet                  
000015a1  __aeabi_uidiv                 
000015a1  __aeabi_uidivmod              
000015e1  CANInit                       
0000161d  SysCtlPeripheralPresent       
00001655  _c_int00_noargs               
0000168d  __aeabi_f2d                   
000016c5  IntRegister                   
000016f9  SysCtlPeripheralEnable        
0000172d  GPIODirModeSet                
0000177b  CANIntClear                   
0000179d  CANIntStatus                  
000017bd  UARTDisable                   
000017fd  CANIntRegister                
00001815  UARTEnable                    
00001829  GPIOPinTypeCAN                
0000183b  GPIOPinTypeUART               
0000184d  __TI_zero_init_nomemset       
0000185f  __TI_decompress_none          
0000186d  ResetISR                      
00001879  CANEnable                     
00001883  UARTCharGet                   
0000188d  UARTCharPut                   
00001897  CANIntEnable                  
0000189f  SysCtlDelay                   
000018a5  _system_pre_init              
000018a9  C$$EXIT                       
000018a9  abort                         
00001c50  __TI_Handler_Table_Base       
00001c5c  __TI_Handler_Table_Limit      
00001c78  __TI_CINIT_Base               
00001c90  __TI_CINIT_Limit              
20000000  g_pfnRAMVectors               
2000026c  sysClock                      
20000270  __stack                       
20000470  __STACK_END                   
20000470  __STACK_TOP                   
20000475  errFlag                       
ffffffff  __TI_pprof_out_hndl           
ffffffff  __TI_prof_data_size           
ffffffff  __TI_prof_data_start          
ffffffff  __binit__                     
ffffffff  __c_args__                    
ffffffff  binit                         
UNDEFED   __mpu_init                    
UNDEFED   _system_post_cinit            

[78 symbols]
